Microchip Technology Inc, v2.10 (B)

Tool Name:
  c:\program files\microchip\xc16\v2.10\bin\bin\..\bin/elf-ld.exe

Command:
  -p33FJ256MC710 \
  --mdfp=C:/Users/franc/.mchp_packs/Microchip/dsPIC33F-GP-MC_DFP/1.3.64/xc16 \
  -o \
  dist/default/production/inicio_v1_.X.production.elf \
  -Lc:/program files/microchip/xc16/v2.10/bin/bin/.. \
  -LC:/Users/franc/.mchp_packs/Microchip/dsPIC33F-GP-MC_DFP/1.3.64/xc16/bin/../support/PIC24H/gld \
  -LC:/Users/franc/.mchp_packs/Microchip/dsPIC33F-GP-MC_DFP/1.3.64/xc16/bin/../support/dsPIC33F/gld \
  -Lc:/program files/microchip/xc16/v2.10/bin/bin/../../lib \
  -Lc:/program files/microchip/xc16/v2.10/bin/bin/../../lib/PIC24E \
  -Lc:/program files/microchip/xc16/v2.10/bin/bin/../../support/PIC24E/gld \
  -Lc:/program files/microchip/xc16/v2.10/bin/bin/../../lib/PIC24F \
  -Lc:/program files/microchip/xc16/v2.10/bin/bin/../../support/PIC24F/gld \
  -Lc:/program files/microchip/xc16/v2.10/bin/bin/../../lib/PIC24H \
  -Lc:/program files/microchip/xc16/v2.10/bin/bin/../../support/PIC24H/gld \
  -Lc:/program files/microchip/xc16/v2.10/bin/bin/../../lib/dsPIC30F \
  -Lc:/program files/microchip/xc16/v2.10/bin/bin/../../support/dsPIC30F/gld \
  -Lc:/program files/microchip/xc16/v2.10/bin/bin/../../support/dsPIC33C/gld \
  -Lc:/program files/microchip/xc16/v2.10/bin/bin/../../lib/dsPIC33E \
  -Lc:/program files/microchip/xc16/v2.10/bin/bin/../../support/dsPIC33E/gld \
  -Lc:/program files/microchip/xc16/v2.10/bin/bin/../../lib/dsPIC33F \
  -Lc:/program files/microchip/xc16/v2.10/bin/bin/../../support/dsPIC33F/gld \
  build/default/production/configuraciones.o \
  build/default/production/main.o \
  build/default/production/Memoria.o \
  build/default/production/rutinas_genericas.o \
  build/default/production/timer.o \
  build/default/production/i2cEmem.o \
  build/default/production/ctrl_param.o \
  build/default/production/recepcion_serie.o \
  build/default/production/parametrizacion.o \
  build/default/production/pulso_watch.o \
  build/default/production/APQ.o \
  build/default/production/automatico.o \
  build/default/production/manual.o \
  build/default/production/quemador.o \
  build/default/production/molino.o \
  build/default/production/precalentador.o \
  build/default/production/borrar.o \
  build/default/production/generar_palabra_A.o \
  build/default/production/sonidosAlarma.o \
  build/default/production/tiempo_Quemador.o \
  --defsym=__MPLAB_BUILD=1 \
  -Tp33FJ256MC710.gld.00 \
  --stack=16 \
  --check-sections \
  --data-init \
  --pack-data \
  --handles \
  --isr \
  --no-gc-sections \
  --fill-upper=0 \
  --stackguard=16 \
  --no-force-link \
  --smart-io \
  -Map=dist/default/production/inicio(v1).X.production.map \
  --report-mem \
  --memorysummary \
  dist/default/production/memoryfile.xml \
  -start-group \
  --library=c99-pic30-elf \
  --library=m-elf \
  --library=c99-elf \
  -end-group \

Archive member included because of file (symbol)

c:/program files/microchip/xc16/v2.10/bin/bin/../../lib/dsPIC33F\libp33FJ256MC710-elf.a(DataRdyUART1.o)
                              build/default/production/recepcion_serie.o (_DataRdyUART1)
c:/program files/microchip/xc16/v2.10/bin/bin/../../lib/dsPIC33F\libp33FJ256MC710-elf.a(ReadUART1.o)
                              build/default/production/recepcion_serie.o (_ReadUART1)
c:/program files/microchip/xc16/v2.10/bin/bin/../../lib\libc99-pic30-elf.a(crt0_standard.o)
                              (__resetPRI)
c:/program files/microchip/xc16/v2.10/bin/bin/../../lib\libc99-pic30-elf.a(data_init_standard.o)
                              c:/program files/microchip/xc16/v2.10/bin/bin/../../lib\libc99-pic30-elf.a(crt0_standard.o) (__data_init_standard)
c:/program files/microchip/xc16/v2.10/bin/bin/../../lib\libc99-pic30-elf.a(crt_start_mode_normal.Meo)
                              (__crt_start_mode_normal)
c:/program files/microchip/xc16/v2.10/bin/bin/../../lib\libc99-pic30-elf.a(delay32.Meo)
                              build/default/production/main.o (___delay32)
c:/program files/microchip/xc16/v2.10/bin/bin/../../lib\libc99-pic30-elf.a(feqltle.XX_o)
                              build/default/production/main.o (___ltsf2)
c:/program files/microchip/xc16/v2.10/bin/bin/../../lib\libc99-pic30-elf.a(fgtge.XX_o)
                              build/default/production/APQ.o (___gtsf2)
c:/program files/microchip/xc16/v2.10/bin/bin/../../lib\libc99-pic30-elf.a(fixsfsi.XX_o)
                              build/default/production/APQ.o (_(float, int, long long, short, float, short, int))
c:/program files/microchip/xc16/v2.10/bin/bin/../../lib\libc99-pic30-elf.a(fixunssfsi.XX_o)
                              build/default/production/main.o (___fixunssfsi)
c:/program files/microchip/xc16/v2.10/bin/bin/../../lib\libc99-pic30-elf.a(floatsisf.XX_o)
                              build/default/production/APQ.o (___floatsisf)
c:/program files/microchip/xc16/v2.10/bin/bin/../../lib\libc99-pic30-elf.a(floatunsisf.XX_o)
[...]
Memory Configuration

Name             Origin             Length             Attributes
data             0x000800           0x007800           a !xr
reset            0x000000           0x000004  
ivt              0x000004           0x0000fc  
_reserved        0x000100           0x000004  
aivt             0x000104           0x0000fc  
program          0x000200           0x02aa00           xr
FBS              0xf80000           0x000002  
FSS              0xf80002           0x000002  
FGS              0xf80004           0x000002  
FOSCSEL          0xf80006           0x000002  
FOSC             0xf80008           0x000002  
FWDT             0xf8000a           0x000002  
FPOR             0xf8000c           0x000002  
FICD             0xf8000e           0x000002  
FUID0            0xf80010           0x000002  
FUID1            0xf80012           0x000002  
FUID2            0xf80014           0x000002  
FUID3            0xf80016           0x000002  
*default*        0x000000           0xffffffff  

Linker script and memory map

LOAD build/default/production/configuraciones.o
LOAD build/default/production/main.o
LOAD build/default/production/Memoria.o
LOAD build/default/production/rutinas_genericas.o
LOAD build/default/production/timer.o
LOAD build/default/production/i2cEmem.o
LOAD build/default/production/ctrl_param.o
LOAD build/default/production/recepcion_serie.o
LOAD build/default/production/parametrizacion.o
LOAD build/default/production/pulso_watch.o
LOAD build/default/production/APQ.o
LOAD build/default/production/automatico.o
LOAD build/default/production/manual.o
LOAD build/default/production/quemador.o
LOAD build/default/production/molino.o
LOAD build/default/production/precalentador.o
LOAD build/default/production/borrar.o
LOAD build/default/production/generar_palabra_A.o
LOAD build/default/production/sonidosAlarma.o
LOAD build/default/production/tiempo_Quemador.o
                    0x0001                  __MPLAB_BUILD = 0x1
LOAD c:/program files/microchip/xc16/v2.10/bin/bin/../../lib/dsPIC33F\libp33FJ256MC710-elf.a
LOAD c:/program files/microchip/xc16/v2.10/bin/bin/../../lib\libfx-elf.a
                    0xf80000                  __FBS = 0xf80000
                    0xf80002                  __FSS = 0xf80002
                    0xf80004                  __FGS = 0xf80004
                    0xf80006                  __FOSCSEL = 0xf80006
                    0xf80008                  __FOSC = 0xf80008
                    0xf8000a                  __FWDT = 0xf8000a
                    0xf8000c                  __FPOR = 0xf8000c
                    0xf8000e                  __FICD = 0xf8000e
                    0xf80010                  __FUID0 = 0xf80010
                    0xf80012                  __FUID1 = 0xf80012
                    0xf80014                  __FUID2 = 0xf80014
                    0xf80016                  __FUID3 = 0xf80016
                    0x0200                  __CODE_BASE = 0x200
                    0x2aa00                  __CODE_LENGTH = 0x2aa00
                    0x0004                  __IVT_BASE = 0x4
                    0x0104                  __AIVT_BASE = 0x104
                    0x0800                  __DATA_BASE = 0x800
                    0x7800                  __DATA_LENGTH = 0x7800
                    0x4800                  __YDATA_BASE = 0x4800
                    0x7800                  __DMA_BASE = 0x7800
                    0x7fff                  __DMA_END = 0x7fff

.reset            0x000000          0x4
                  0x000000          0x2 SHORT 0x200 ABSOLUTE (__reset)
                  0x000001          0x2 SHORT 0x4
                  0x000002          0x2 SHORT 0x0 ((ABSOLUTE (__reset) >> 0x10) & 0x7f)
                  0x000003          0x2 SHORT 0x0

.text             0x000200       0x45a0
 *(.init)
 .init            0x000200         0x4c c:/program files/microchip/xc16/v2.10/bin/bin/../../lib\libc99-pic30-elf.a(crt0_standard.o)
                  0x000200                  __resetPRI
                  0x000200                  __reset
                  0x00023c                  __psv_init
 .init            0x00024c         0x7c c:/program files/microchip/xc16/v2.10/bin/bin/../../lib\libc99-pic30-elf.a(data_init_standard.o)
                  0x000252                  __data_init_standard
                  0x000252                  __data_init
 *(.user_init)
 *(.handle)
 .handle          0x0002c8         0x28 jump_table
 *(.isr*)
 .isr.text        0x0002f0          0x8 build/default/production/configuraciones.o
                  0x0002f0                  __DMA0Interrupt
 .isr.text        0x0002f8       0x1466 build/default/production/main.o
                  0x0002f8                  __T2Interrupt
 .isr.text        0x00175e         0x18 build/default/production/i2cEmem.o
                  0x00175e                  __MI2C1Interrupt
                  0x00176e                  __SI2C1Interrupt
 .isr.text        0x001776         0x58 build/default/production/recepcion_serie.o
                  0x001776                  __U1RXInterrupt
 .isr             0x0017ce          0x4 default_isr
                  0x0017ce                  __DefaultInterrupt
 *(.libc)
 .libc            0x0017d2         0x88 c:/program files/microchip/xc16/v2.10/bin/bin/../../lib\libc99-pic30-elf.a(read.Meo)
                  0x0017d2                  _read
 .libc            0x00185a         0x12 c:/program files/microchip/xc16/v2.10/bin/bin/../../lib\libc99-pic30-elf.a(close.Meo)
                  0x00185a                  _close
 .libc            0x00186c         0x84 c:/program files/microchip/xc16/v2.10/bin/bin/../../lib\libc99-pic30-elf.a(write.Meo)
                  0x00186c                  _write
 .libc            0x0018f0         0x2a c:/program files/microchip/xc16/v2.10/bin/bin/../../lib\libc99-pic30-elf.a(sbrk.Meo)
                  0x0018f0                  _sbrk
 .libc            0x00191a         0x1a c:/program files/microchip/xc16/v2.10/bin/bin/../../lib\libc99-pic30-elf.a(brk.Meo)
                  0x00191a                  _brk
 *(.libm)
 *(.libdsp)
 *(.lib*)
 .libperi         0x001934          0x6 c:/program files/microchip/xc16/v2.10/bin/bin/../../lib/dsPIC33F\libp33FJ256MC710-elf.a(DataRdyUART1.o)
                  0x001934                  _DataRdyUART1
 .libperi         0x00193a         0x12 c:/program files/microchip/xc16/v2.10/bin/bin/../../lib/dsPIC33F\libp33FJ256MC710-elf.a(ReadUART1.o)
                  0x00193a                  _ReadUART1
 .libpic30_crt_start_mode
                  0x00194c          0x2 c:/program files/microchip/xc16/v2.10/bin/bin/../../lib\libc99-pic30-elf.a(crt_start_mode_normal.Meo)
                  0x00194c                  __crt_start_mode
                  0x00194c                  __crt_start_mode_normal
 .libm.eqsf2      0x00194e          0x4 c:/program files/microchip/xc16/v2.10/bin/bin/../../lib\libc99-pic30-elf.a(feqltle.XX_o)
                  0x00194e                  ___eqsf2
                  0x00194e                  ___ltsf2
                  0x00194e                  ___lesf2
 .libm.gtsf2      0x001952          0x4 c:/program files/microchip/xc16/v2.10/bin/bin/../../lib\libc99-pic30-elf.a(fgtge.XX_o)
                  0x001952                  ___gesf2
                  0x001952                  ___gtsf2
 .libm.fixsfsi    0x001956         0x42 c:/program files/microchip/xc16/v2.10/bin/bin/../../lib\libc99-pic30-elf.a(fixsfsi.XX_o)
                  0x001956                  _(float, int, long long, short, float, short, int)
 .libm.fixunssfsi
                  0x001998         0x36 c:/program files/microchip/xc16/v2.10/bin/bin/../../lib\libc99-pic30-elf.a(fixunssfsi.XX_o)
                  0x001998                  ___fixunssfsi
 .libm.floatsisf
                  0x0019ce          0x6 c:/program files/microchip/xc16/v2.10/bin/bin/../../lib\libc99-pic30-elf.a(floatsisf.XX_o)
                  0x0019ce                  ___floatsisf
 .libm.floatunsisf
                  0x0019d4          0x4 c:/program files/microchip/xc16/v2.10/bin/bin/../../lib\libc99-pic30-elf.a(floatunsisf.XX_o)
                  0x0019d4                  ___floatunsisf
 .libm.funpack    0x0019d8         0x2a c:/program files/microchip/xc16/v2.10/bin/bin/../../lib\libc99-pic30-elf.a(funpack.XX_o)
                  0x0019d8                  __funpack
 .libm.umodsi3    0x001a02          0x6 c:/program files/microchip/xc16/v2.10/bin/bin/../../lib\libc99-pic30-elf.a(umodsi3.XX_o)
                  0x001a02                  ___umodsi3
 .libmx           0x001a08        0x1dc c:/program files/microchip/xc16/v2.10/bin/bin/../../lib\libc99-pic30-elf.a(addsf3x.XX_o)
                  0x001a08                  ___subsf3x
                  0x001a08                  ___subsf3
                  0x001a1a                  ___addsf3x
                  0x001a1a                  ___addsf3
 .libmx           0x001be4        0x1be c:/program files/microchip/xc16/v2.10/bin/bin/../../lib\libc99-pic30-elf.a(divsf3x.XX_o)
                  0x001be4                  ___divsf3x
                  0x001be4                  ___divsf3
                  0x001d76                  __sdivf
 .libmx           0x001da2        0x10c c:/program files/microchip/xc16/v2.10/bin/bin/../../lib\libc99-pic30-elf.a(mulsf3x.XX_o)
                  0x001da2                  ___mulsf3x
                  0x001da2                  ___mulsf3
 .libmx           0x001eae         0x54 c:/program files/microchip/xc16/v2.10/bin/bin/../../lib\libc99-pic30-elf.a(dnrmpackfx.XX_o)
                  0x001eae                  __dnrmpackf
 .libmx           0x001f02         0x5e c:/program files/microchip/xc16/v2.10/bin/bin/../../lib\libc99-pic30-elf.a(unpackdnrmfx.XX_o)
                  0x001f02                  __unpackdnrmf
 .libmx           0x001f60         0x34 c:/program files/microchip/xc16/v2.10/bin/bin/../../lib\libc99-pic30-elf.a(typefx.XX_o)
                  0x001f60                  __typef
 .libmx           0x001f94         0x12 c:/program files/microchip/xc16/v2.10/bin/bin/../../lib\libc99-pic30-elf.a(propnanfx.XX_o)
                  0x001f94                  __propnanf
 .libmx           0x001fa6         0xa6 c:/program files/microchip/xc16/v2.10/bin/bin/../../lib\libc99-pic30-elf.a(spackfx.XX_o)
                  0x001fa6                  __spackf
 .libmx           0x00204c         0x66 c:/program files/microchip/xc16/v2.10/bin/bin/../../lib\libc99-pic30-elf.a(unpackfx.XX_o)
                  0x00204c                  __unpackf
 .libm.fcompare
                  0x0020b2         0x36 c:/program files/microchip/xc16/v2.10/bin/bin/../../lib\libc99-pic30-elf.a(fcompare.XX_o)
                  0x0020b2                  __fcompare
 .libm.floatdisf
                  0x0020e8         0x20 c:/program files/microchip/xc16/v2.10/bin/bin/../../lib\libc99-pic30-elf.a(floatdisf.XX_o)
                  0x0020e8                  ___floatdisf
 .libm.floatundisf
                  0x002108         0x5e c:/program files/microchip/xc16/v2.10/bin/bin/../../lib\libc99-pic30-elf.a(floatundisf.XX_o)
                  0x002108                  ___floatundisf
 .libm.fpack      0x002166         0x4c c:/program files/microchip/xc16/v2.10/bin/bin/../../lib\libc99-pic30-elf.a(fpack.XX_o)
                  0x002166                  __fpack
 .libm.funpack2
                  0x0021b2         0x10 c:/program files/microchip/xc16/v2.10/bin/bin/../../lib\libc99-pic30-elf.a(funpack2.XX_o)
                  0x0021b2                  __funpack2
 .libm.udivsi3    0x0021c2         0x20 c:/program files/microchip/xc16/v2.10/bin/bin/../../lib\libc99-pic30-elf.a(udivsi3.XX_o)
                  0x0021c2                  ___udivsi3
 .libc.__wrap_printf
                  0x0021e2         0x10 c:/program files/microchip/xc16/v2.10/bin/bin/../../lib\libc99-elf.a(__sio_printf_doux.XX_o)
                  0x0021e2                  __printf_cdnopuxX
                  0x0021e2                  __dprintf_cdnopuxX
 .libc.__sio_printf_doux
                  0x0021f2          0xe c:/program files/microchip/xc16/v2.10/bin/bin/../../lib\libc99-elf.a(__sio_printf_doux.XX_o)
                  0x0021f2                  ___sio_printf_doux
 .libc.__wrap_sprintf
                  0x002200          0xc c:/program files/microchip/xc16/v2.10/bin/bin/../../lib\libc99-elf.a(__sio_sprintf_doux.XX_o)
                  0x002200                  __sprintf_cdnopuxX
                  0x002200                  __dsprintf_cdnopuxX
 .libc.__sio_sprintf_doux
                  0x00220c          0xe c:/program files/microchip/xc16/v2.10/bin/bin/../../lib\libc99-elf.a(__sio_sprintf_doux.XX_o)
                  0x00220c                  ___sio_sprintf_doux
 .libc.__wrap_sscanf
                  0x00221a          0xc c:/program files/microchip/xc16/v2.10/bin/bin/../../lib\libc99-elf.a(__sio_sscanf_doux.XX_o)
                  0x00221a                  __sscanf_cdnopuxX
                  0x00221a                  __dsscanf_cdnopuxX
 .libc.__sio_sscanf_doux
                  0x002226          0xa c:/program files/microchip/xc16/v2.10/bin/bin/../../lib\libc99-elf.a(__sio_sscanf_doux.XX_o)
                  0x002226                  ___sio_sscanf_doux
 .libc.puts       0x002230         0x1a c:/program files/microchip/xc16/v2.10/bin/bin/../../lib\libc99-elf.a(puts.XX_o)
                  0x002230                  _puts
 .libc.__dummy0
                  0x00224a          0x2 c:/program files/microchip/xc16/v2.10/bin/bin/../../lib\libc99-elf.a(stdout.XX_o)
 .libc.__dummy    0x00224c          0x4 c:/program files/microchip/xc16/v2.10/bin/bin/../../lib\libc99-elf.a(stdout.XX_o)
 .libc.__init_stdout
                  0x002250          0x8 c:/program files/microchip/xc16/v2.10/bin/bin/../../lib\libc99-elf.a(stdout.XX_o)
                  0x002250                  ___init_stdout
 .libc.strncmp    0x002258         0x2a c:/program files/microchip/xc16/v2.10/bin/bin/../../lib\libc99-elf.a(strncmp.XX_o)
                  0x002258                  _strncmp
 .libc.__fmt_d    0x002282         0xb2 c:/program files/microchip/xc16/v2.10/bin/bin/../../lib\libc99-elf.a(__fmt_d.XX_o)
                  0x002282                  ___fmt_d
                  0x002282                  ___fmt_d_needed
 .libc.__fmt_o    0x002334         0x6a c:/program files/microchip/xc16/v2.10/bin/bin/../../lib\libc99-elf.a(__fmt_o.XX_o)
                  0x002334                  ___fmt_o
                  0x002334                  ___fmt_o_needed
 .libc.__fmt_s    0x00239e         0x54 c:/program files/microchip/xc16/v2.10/bin/bin/../../lib\libc99-elf.a(__fmt_s.XX_o)
                  0x00239e                  ___fmt_0_needed
                  0x00239e                  ___fmt_s_needed
                  0x00239e                  ___fmt_s
 .libc.__cvt_u    0x0023f2         0xa6 c:/program files/microchip/xc16/v2.10/bin/bin/../../lib\libc99-elf.a(__fmt_u.XX_o)
                  0x0023f2                  ___cvt_u
 .libc.__fmt_u    0x002498         0x52 c:/program files/microchip/xc16/v2.10/bin/bin/../../lib\libc99-elf.a(__fmt_u.XX_o)
                  0x002498                  ___fmt_u
                  0x002498                  ___fmt_u_needed
 .libc.__fmt_x    0x0024ea        0x14a c:/program files/microchip/xc16/v2.10/bin/bin/../../lib\libc99-elf.a(__fmt_x.XX_o)
                  0x0024ea                  ___fmt_x_needed
                  0x0024ea                  ___fmt_x
 .libc.__vfprintf
                  0x002634         0x1c c:/program files/microchip/xc16/v2.10/bin/bin/../../lib\libc99-elf.a(__int_vfprintf.XX_o)
                  0x002634                  ___vfprintf
 .libc.__vsprintf
                  0x002650          0x8 c:/program files/microchip/xc16/v2.10/bin/bin/../../lib\libc99-elf.a(__int_vsprintf.XX_o)
                  0x002650                  ___vsprintf
 .libc.do_read    0x002658          0x2 c:/program files/microchip/xc16/v2.10/bin/bin/../../lib\libc99-elf.a(__int_vsscanf.XX_o)
                  0x002658                  __int_vsscanf.XX_o:_do_read
 .libc.__vsscanf
                  0x00265a         0x1c c:/program files/microchip/xc16/v2.10/bin/bin/../../lib\libc99-elf.a(__int_vsscanf.XX_o)
                  0x00265a                  ___vsscanf
 .libc.__string_out
                  0x002676         0x26 c:/program files/microchip/xc16/v2.10/bin/bin/../../lib\libc99-elf.a(__out.XX_o)
 .libc.__fwrite_min
                  0x00269c          0x4 c:/program files/microchip/xc16/v2.10/bin/bin/../../lib\libc99-elf.a(__out.XX_o)
                  0x00269c                  ___stdio_write
                  0x00269c                  ___stdio_write_unbuffered
 .libc.__out      0x0026a0         0x10 c:/program files/microchip/xc16/v2.10/bin/bin/../../lib\libc99-elf.a(__out.XX_o)
                  0x0026a0                  ___out_needed
                  0x0026a0                  ___out
 .libc.__pop_int
                  0x0026b0         0xa8 c:/program files/microchip/xc16/v2.10/bin/bin/../../lib\libc99-elf.a(__pop_int.XX_o)
                  0x0026b0                  ___pop_int
                  0x0026b0                  ___pop_int_needed
 .libc.__pop_ptr
                  0x002758         0x70 c:/program files/microchip/xc16/v2.10/bin/bin/../../lib\libc99-elf.a(__pop_ptr.XX_o)
                  0x002758                  ___pop_ptr_needed
                  0x002758                  ___pop_ptr
 .libc.__string_out
                  0x0027c8         0x26 c:/program files/microchip/xc16/v2.10/bin/bin/../../lib\libc99-elf.a(__printf_core.XX_o)
 .libc.__pad      0x0027ee         0x74 c:/program files/microchip/xc16/v2.10/bin/bin/../../lib\libc99-elf.a(__printf_core.XX_o)
                  0x0027ee                  ___pad
 .libc.__dummy_fmt3
                  0x002862          0x2 c:/program files/microchip/xc16/v2.10/bin/bin/../../lib\libc99-elf.a(__printf_core.XX_o)
 .libc.__dummy_fmt4
                  0x002864          0x2 c:/program files/microchip/xc16/v2.10/bin/bin/../../lib\libc99-elf.a(__printf_core.XX_o)
                  0x002864                  ___fmt_fp
                  0x002864                  ___fmt_a
 .libc.__dummy_fmts
                  0x002866          0x2 c:/program files/microchip/xc16/v2.10/bin/bin/../../lib\libc99-elf.a(__printf_core.XX_o)
 .libc.__fmt_state
                  0x002868         0x2c c:/program files/microchip/xc16/v2.10/bin/bin/../../lib\libc99-elf.a(__printf_core.XX_o)
                  0x002868                  ___fmt_state
 .libc.vfpfcnvrt.clone.0
                  0x002894        0x2d8 c:/program files/microchip/xc16/v2.10/bin/bin/../../lib\libc99-elf.a(__printf_core.XX_o)
 .libc.__printf_core
                  0x002b6c         0x40 c:/program files/microchip/xc16/v2.10/bin/bin/../../lib\libc99-elf.a(__printf_core.XX_o)
                  0x002b6c                  ___printf_core
 .libc.__scan_d
                  0x002bac         0x2e c:/program files/microchip/xc16/v2.10/bin/bin/../../lib\libc99-elf.a(__scan_d.XX_o)
                  0x002bac                  ___scan_d
                  0x002bac                  ___scan_d_needed
 .libc.__scan_i
                  0x002bda        0x142 c:/program files/microchip/xc16/v2.10/bin/bin/../../lib\libc99-elf.a(__scan_i.XX_o)
                  0x002bda                  ___scan_i_needed
                  0x002bda                  ___scan_i
 .libc.__scan_o
                  0x002d1c         0x98 c:/program files/microchip/xc16/v2.10/bin/bin/../../lib\libc99-elf.a(__scan_o.XX_o)
                  0x002d1c                  ___scan_o
                  0x002d1c                  ___scan_o_needed
 .libc.__isspace
                  0x002db4         0x14 c:/program files/microchip/xc16/v2.10/bin/bin/../../lib\libc99-elf.a(__scan_s.XX_o)
 .libc.__scan_s
                  0x002dc8         0x8a c:/program files/microchip/xc16/v2.10/bin/bin/../../lib\libc99-elf.a(__scan_s.XX_o)
                  0x002dc8                  ___scan_s_needed
                  0x002dc8                  ___scan_s
 .libc.__scan_u
                  0x002e52         0x2e c:/program files/microchip/xc16/v2.10/bin/bin/../../lib\libc99-elf.a(__scan_u.XX_o)
                  0x002e52                  ___scan_u_needed
                  0x002e52                  ___scan_u
 .libc.__scan_x
                  0x002e80         0xdc c:/program files/microchip/xc16/v2.10/bin/bin/../../lib\libc99-elf.a(__scan_x.XX_o)
                  0x002e80                  ___scan_x_needed
                  0x002e80                  ___scan_x
 .libc.__isspace
                  0x002f5c         0x14 c:/program files/microchip/xc16/v2.10/bin/bin/../../lib\libc99-elf.a(__scanf_core.XX_o)
 .libc.__skipws
                  0x002f70         0x3a c:/program files/microchip/xc16/v2.10/bin/bin/../../lib\libc99-elf.a(__scanf_core.XX_o)
                  0x002f70                  ___skipws
 .libc.__consumews
                  0x002faa         0x2c c:/program files/microchip/xc16/v2.10/bin/bin/../../lib\libc99-elf.a(__scanf_core.XX_o)
                  0x002faa                  ___consumews
 .libc.vfsfcnvrt.clone.0
                  0x002fd6        0x39e c:/program files/microchip/xc16/v2.10/bin/bin/../../lib\libc99-elf.a(__scanf_core.XX_o)
 .libc.__dummy_scan
                  0x003374          0x2 c:/program files/microchip/xc16/v2.10/bin/bin/../../lib\libc99-elf.a(__scanf_core.XX_o)
                  0x003374                  ___scan_a
                  0x003374                  ___scan_fp
 .libc.__dummy_scan_s
                  0x003376          0x2 c:/program files/microchip/xc16/v2.10/bin/bin/../../lib\libc99-elf.a(__scanf_core.XX_o)
 .libc.__scanf_core
                  0x003378         0x48 c:/program files/microchip/xc16/v2.10/bin/bin/../../lib\libc99-elf.a(__scanf_core.XX_o)
                  0x003378                  ___scanf_core
 .libc.__stdio_close
                  0x0033c0         0x3e c:/program files/microchip/xc16/v2.10/bin/bin/../../lib\libc99-elf.a(__stdio_close.XX_o)
                  0x0033c0                  ___stdio_close
 .libc.__stdio_close_rw
                  0x0033fe         0x58 c:/program files/microchip/xc16/v2.10/bin/bin/../../lib\libc99-elf.a(__stdio_close.XX_o)
                  0x0033fe                  ___stdio_close_rw
 .libc.__string_read
                  0x003456         0x44 c:/program files/microchip/xc16/v2.10/bin/bin/../../lib\libc99-elf.a(__string_read.XX_o)
                  0x003456                  ___string_read
 .libc.__isspace
                  0x00349a         0x14 c:/program files/microchip/xc16/v2.10/bin/bin/../../lib\libc99-elf.a(atoi.XX_o)
 .libc.atoi       0x0034ae         0x4c c:/program files/microchip/xc16/v2.10/bin/bin/../../lib\libc99-elf.a(atoi.XX_o)
                  0x0034ae                  _atoi
 .libc.fputs      0x0034fa         0x28 c:/program files/microchip/xc16/v2.10/bin/bin/../../lib\libc99-elf.a(fputs.XX_o)
                  0x0034fa                  _fputs_unlocked
                  0x0034fa                  _fputs
 .libc.__fwrite_min
                  0x003522          0x4 c:/program files/microchip/xc16/v2.10/bin/bin/../../lib\libc99-elf.a(fwrite.XX_o)
 .libc.fwrite     0x003526         0x2c c:/program files/microchip/xc16/v2.10/bin/bin/../../lib\libc99-elf.a(fwrite.XX_o)
                  0x003526                  _fwrite
                  0x003526                  _fwrite_unlocked
 .libc.isxdigit
                  0x003552         0x18 c:/program files/microchip/xc16/v2.10/bin/bin/../../lib\libc99-elf.a(isxdigit.XX_o)
                  0x003552                  _isxdigit
 .libc.__isxdigit_l
                  0x00356a          0x2 c:/program files/microchip/xc16/v2.10/bin/bin/../../lib\libc99-elf.a(isxdigit.XX_o)
                  0x00356a                  _isxdigit_l
                  0x00356a                  ___isxdigit_l
 .libc.__lseek    0x00356c          0xc c:/program files/microchip/xc16/v2.10/bin/bin/../../lib\libc99-elf.a(lseek.XX_o)
                  0x00356c                  _lseek
                  0x00356c                  ___lseek
 .libc.memchr     0x003578         0x60 c:/program files/microchip/xc16/v2.10/bin/bin/../../lib\libc99-elf.a(memchr.XX_o)
                  0x003578                  _memchr
 .libc.memcpy     0x0035d8          0xe c:/program files/microchip/xc16/v2.10/bin/bin/../../lib\libc99-elf.a(memcpy.XX_o)
                  0x0035d8                  _memcpy
 .libc.memset     0x0035e6         0xc8 c:/program files/microchip/xc16/v2.10/bin/bin/../../lib\libc99-elf.a(memset.XX_o)
                  0x0035e6                  _memset
 .libc.__putc_unbuffered
                  0x0036ae         0x2e c:/program files/microchip/xc16/v2.10/bin/bin/../../lib\libc99-elf.a(putc.XX_o)
                  0x0036ae                  ___putc_unbuffered
 .libc.putc       0x0036dc          0x2 c:/program files/microchip/xc16/v2.10/bin/bin/../../lib\libc99-elf.a(putc.XX_o)
                  0x0036dc                  _putc
                  0x0036dc                  _fputc
                  0x0036dc                  _putc_unlocked
                  0x0036dc                  __IO_putc
 .libc.__shlim    0x0036de         0x4a c:/program files/microchip/xc16/v2.10/bin/bin/../../lib\libc99-elf.a(shgetc.XX_o)
                  0x0036de                  ___shlim
 .libc.__shgetc
                  0x003728        0x130 c:/program files/microchip/xc16/v2.10/bin/bin/../../lib\libc99-elf.a(shgetc.XX_o)
                  0x003728                  ___shgetc
 .libc.strlen     0x003858         0x30 c:/program files/microchip/xc16/v2.10/bin/bin/../../lib\libc99-elf.a(strlen.XX_o)
                  0x003858                  _strlen
 .libc.strtox     0x003888         0x52 c:/program files/microchip/xc16/v2.10/bin/bin/../../lib\libc99-elf.a(strtol.XX_o)
 .libc.strtoull
                  0x0038da          0x8 c:/program files/microchip/xc16/v2.10/bin/bin/../../lib\libc99-elf.a(strtol.XX_o)
                  0x0038da                  ___strtoull_internal
                  0x0038da                  _strtoull
 .libc.strtoll    0x0038e2          0x8 c:/program files/microchip/xc16/v2.10/bin/bin/../../lib\libc99-elf.a(strtol.XX_o)
                  0x0038e2                  _strtoll
                  0x0038e2                  ___strtoll_internal
 .libc.strtoul    0x0038ea          0x8 c:/program files/microchip/xc16/v2.10/bin/bin/../../lib\libc99-elf.a(strtol.XX_o)
                  0x0038ea                  _strtoul
                  0x0038ea                  ___strtoul_internal
 .libc.strtol     0x0038f2          0x8 c:/program files/microchip/xc16/v2.10/bin/bin/../../lib\libc99-elf.a(strtol.XX_o)
                  0x0038f2                  _strtol
                  0x0038f2                  ___strtol_internal
 .libc.strtoimax
                  0x0038fa          0x2 c:/program files/microchip/xc16/v2.10/bin/bin/../../lib\libc99-elf.a(strtol.XX_o)
                  0x0038fa                  ___strtoimax_internal
                  0x0038fa                  _strtoimax
 .libc.strtoumax
                  0x0038fc          0x2 c:/program files/microchip/xc16/v2.10/bin/bin/../../lib\libc99-elf.a(strtol.XX_o)
                  0x0038fc                  _strtoumax
                  0x0038fc                  ___strtoumax_internal
 .libc.__syscall_ret
                  0x0038fe         0x14 c:/program files/microchip/xc16/v2.10/bin/bin/../../lib\libc99-elf.a(syscall_ret.XX_o)
                  0x0038fe                  ___syscall_ret
 .libc.tolower    0x003912          0xc c:/program files/microchip/xc16/v2.10/bin/bin/../../lib\libc99-elf.a(tolower.XX_o)
                  0x003912                  _tolower
 .libc.__tolower_l
                  0x00391e          0x2 c:/program files/microchip/xc16/v2.10/bin/bin/../../lib\libc99-elf.a(tolower.XX_o)
                  0x00391e                  ___tolower_l
                  0x00391e                  _tolower_l
 .libc.toupper    0x003920          0xc c:/program files/microchip/xc16/v2.10/bin/bin/../../lib\libc99-elf.a(toupper.XX_o)
                  0x003920                  _toupper
 .libc.__toupper_l
                  0x00392c          0x2 c:/program files/microchip/xc16/v2.10/bin/bin/../../lib\libc99-elf.a(toupper.XX_o)
                  0x00392c                  ___toupper_l
                  0x00392c                  _toupper_l
 .libc.__dummy    0x00392e          0x2 c:/program files/microchip/xc16/v2.10/bin/bin/../../lib\libc99-elf.a(__init_stdio.XX_o)
                  0x00392e                  ___init_stderr
                  0x00392e                  ___init_stdin
 .libc.__init_stdio
                  0x003930          0x6 c:/program files/microchip/xc16/v2.10/bin/bin/../../lib\libc99-elf.a(__init_stdio.XX_o)
                  0x003930                  ___init_stdio
                  0x003930                  ___init_stdio_needed
 .libc.__vfscanf
                  0x003936         0x1c c:/program files/microchip/xc16/v2.10/bin/bin/../../lib\libc99-elf.a(__int_vfscanf.XX_o)
                  0x003936                  ___vfscanf
 .libc.__vsnprintf
                  0x003952         0x4a c:/program files/microchip/xc16/v2.10/bin/bin/../../lib\libc99-elf.a(__int_vsnprintf.XX_o)
                  0x003952                  ___vsnprintf
 .libc.__pop_float
                  0x00399c         0x3e c:/program files/microchip/xc16/v2.10/bin/bin/../../lib\libc99-elf.a(__pop_float.XX_o)
                  0x00399c                  ___pop_float
                  0x00399c                  ___pop_float_needed
 .libc.__push_float
                  0x0039da         0x3e c:/program files/microchip/xc16/v2.10/bin/bin/../../lib\libc99-elf.a(__push_float.XX_o)
                  0x0039da                  ___push_float
                  0x0039da                  ___push_float_needed
 .libc.__push_int
                  0x003a18         0x72 c:/program files/microchip/xc16/v2.10/bin/bin/../../lib\libc99-elf.a(__push_int.XX_o)
                  0x003a18                  ___push_int
                  0x003a18                  ___push_int_needed
 .libc.__read_int
                  0x003a8a         0x8a c:/program files/microchip/xc16/v2.10/bin/bin/../../lib\libc99-elf.a(__read_int.XX_o)
                  0x003a8a                  ___read_int
 .libc.__towrite_rw
                  0x003b14         0x1c c:/program files/microchip/xc16/v2.10/bin/bin/../../lib\libc99-elf.a(__towrite_rw.XX_o)
                  0x003b14                  ___towrite_rw
                  0x003b14                  ___towrite_rw_needed
 .libc.__uflow    0x003b30         0x2a c:/program files/microchip/xc16/v2.10/bin/bin/../../lib\libc99-elf.a(__uflow.XX_o)
                  0x003b30                  ___uflow
 .libc.__isspace
                  0x003b5a         0x14 c:/program files/microchip/xc16/v2.10/bin/bin/../../lib\libc99-elf.a(intscan.XX_o)
 .libc.__intscan
                  0x003b6e        0x432 c:/program files/microchip/xc16/v2.10/bin/bin/../../lib\libc99-elf.a(intscan.XX_o)
                  0x003b6e                  ___intscan
 .libc.__fopen_rw
                  0x003fa0         0x38 c:/program files/microchip/xc16/v2.10/bin/bin/../../lib\libc99-elf.a(__fopen_rw.XX_o)
                  0x003fa0                  ___fopen_rw
                  0x003fa0                  ___fopen_rw_needed
 .libc.__ftello_adj_rw
                  0x003fd8         0x36 c:/program files/microchip/xc16/v2.10/bin/bin/../../lib\libc99-elf.a(__ftello_rw.XX_o)
                  0x003fd8                  ___ftello_adj_rw
                  0x003fd8                  ___ftello_adj_rw_needed
 .libc.__putc     0x00400e         0x32 c:/program files/microchip/xc16/v2.10/bin/bin/../../lib\libc99-elf.a(__putc.XX_o)
                  0x00400e                  ___putc_needed
                  0x00400e                  ___putc
 .libc.__dummy    0x004040          0x2 c:/program files/microchip/xc16/v2.10/bin/bin/../../lib\libc99-elf.a(__stderr.XX_o)
 .libc.__get_stderr
                  0x004042          0x4 c:/program files/microchip/xc16/v2.10/bin/bin/../../lib\libc99-elf.a(__stderr.XX_o)
                  0x004042                  ___get_stderr
                  0x004042                  ___init_stderr_needed
 .libc.__dummy    0x004046          0x2 c:/program files/microchip/xc16/v2.10/bin/bin/../../lib\libc99-elf.a(__stdio_exit.XX_o)
                  0x004046                  ___stdio_exit_ofl
 .libc.__dummy1
                  0x004048          0x2 c:/program files/microchip/xc16/v2.10/bin/bin/../../lib\libc99-elf.a(__stdio_exit.XX_o)
 .libc.__stdio_exit
                  0x00404a         0x14 c:/program files/microchip/xc16/v2.10/bin/bin/../../lib\libc99-elf.a(__stdio_exit.XX_o)
                  0x00404a                  ___stdio_exit_needed
                  0x00404a                  ___stdio_exit
 .libc.__stdio_read
                  0x00405e         0x6a c:/program files/microchip/xc16/v2.10/bin/bin/../../lib\libc99-elf.a(__stdio_read.XX_o)
                  0x00405e                  ___stdio_read
 .libc.__stdio_seek_unbuffered
                  0x0040c8         0x2a c:/program files/microchip/xc16/v2.10/bin/bin/../../lib\libc99-elf.a(__stdio_seek.XX_o)
                  0x0040c8                  ___stdio_seek_needed
                  0x0040c8                  ___stdio_seek_unbuffered
 .libc.__stdio_seek
                  0x0040f2         0x50 c:/program files/microchip/xc16/v2.10/bin/bin/../../lib\libc99-elf.a(__stdio_seek.XX_o)
                  0x0040f2                  ___stdio_seek
 .libc.__stdio_seek_rw
                  0x004142         0x82 c:/program files/microchip/xc16/v2.10/bin/bin/../../lib\libc99-elf.a(__stdio_seek.XX_o)
                  0x004142                  ___stdio_seek_rw
 .libc.__dummy    0x0041c4          0x2 c:/program files/microchip/xc16/v2.10/bin/bin/../../lib\libc99-elf.a(__stdout.XX_o)
 .libc.__get_stdout
                  0x0041c6          0x4 c:/program files/microchip/xc16/v2.10/bin/bin/../../lib\libc99-elf.a(__stdout.XX_o)
                  0x0041c6                  ___get_stdout
                  0x0041c6                  ___init_stdout_needed
 .libc.__toread
                  0x0041ca         0x48 c:/program files/microchip/xc16/v2.10/bin/bin/../../lib\libc99-elf.a(__toread.XX_o)
                  0x0041ca                  ___toread
 .libc.__toread_needs_stdio_exit
                  0x004212          0x2 c:/program files/microchip/xc16/v2.10/bin/bin/../../lib\libc99-elf.a(__toread.XX_o)
                  0x004212                  ___toread_needs_stdio_exit
 .libc.__simple_malloc
                  0x004214         0x86 c:/program files/microchip/xc16/v2.10/bin/bin/../../lib\libc99-elf.a(lite_malloc.XX_o)
                  0x004214                  ___malloc0
                  0x004214                  _malloc
                  0x004214                  ___simple_malloc
 .libc.__readv    0x00429a         0x2e c:/program files/microchip/xc16/v2.10/bin/bin/../../lib\libc99-elf.a(readv.XX_o)
                  0x00429a                  _readv
 .libc.__fclose
                  0x0042c8         0x14 c:/program files/microchip/xc16/v2.10/bin/bin/../../lib\libc99-elf.a(__fclose.XX_o)
                  0x0042c8                  ___fclose_needed
                  0x0042c8                  ___fclose
 .libc.__dummy    0x0042dc          0x6 c:/program files/microchip/xc16/v2.10/bin/bin/../../lib\libc99-elf.a(__fopen.XX_o)
 .libc.__fopen_std
                  0x0042e2         0x26 c:/program files/microchip/xc16/v2.10/bin/bin/../../lib\libc99-elf.a(__fopen.XX_o)
 .libc.__fopen    0x004308          0x2 c:/program files/microchip/xc16/v2.10/bin/bin/../../lib\libc99-elf.a(__fopen.XX_o)
                  0x004308                  ___fopen
                  0x004308                  ___fopen_needed
 .libc.__fseeko
                  0x00430a          0x4 c:/program files/microchip/xc16/v2.10/bin/bin/../../lib\libc99-elf.a(__fseeko.XX_o)
                  0x00430a                  ___fseeko_unlocked
                  0x00430a                  _fseeko
                  0x00430a                  ___fseeko
                  0x00430a                  ___fseeko_needed
 .libc.__dummy    0x00430e         0x20 c:/program files/microchip/xc16/v2.10/bin/bin/../../lib\libc99-elf.a(__ftello.XX_o)
 .libc.__ftello_adj
                  0x00432e          0x2 c:/program files/microchip/xc16/v2.10/bin/bin/../../lib\libc99-elf.a(__ftello.XX_o)
                  0x00432e                  ___ftello_adj_needed
                  0x00432e                  ___ftello_adj
 .libc.__fwrite
                  0x004330          0xc c:/program files/microchip/xc16/v2.10/bin/bin/../../lib\libc99-elf.a(__fwrite.XX_o)
                  0x004330                  ___fwrite
                  0x004330                  ___fwrite_needed
 .libc.__overflow
                  0x00433c         0x50 c:/program files/microchip/xc16/v2.10/bin/bin/../../lib\libc99-elf.a(__overflow.XX_o)
                  0x00433c                  ___overflow
 .libc.__dummy    0x00438c          0x2 c:/program files/microchip/xc16/v2.10/bin/bin/../../lib\libc99-elf.a(__towrite.XX_o)
 .libc.__towrite
                  0x00438e         0x1c c:/program files/microchip/xc16/v2.10/bin/bin/../../lib\libc99-elf.a(__towrite.XX_o)
                  0x00438e                  ___towrite
 .libc.__expand_heap
                  0x0043aa         0x14 c:/program files/microchip/xc16/v2.10/bin/bin/../../lib\libc99-elf.a(expand_heap.XX_o)
                  0x0043aa                  ___expand_heap
 .libc.doread     0x0043be          0x4 c:/program files/microchip/xc16/v2.10/bin/bin/../../lib\libc99-pic30-elf.a(read.Meo)
 .libc.doclose    0x0043c2          0x4 c:/program files/microchip/xc16/v2.10/bin/bin/../../lib\libc99-pic30-elf.a(close.Meo)
 .libc.dowrite    0x0043c6          0x4 c:/program files/microchip/xc16/v2.10/bin/bin/../../lib\libc99-pic30-elf.a(write.Meo)
 .libm.extendsfdf2
                  0x0043ca         0x3e c:/program files/microchip/xc16/v2.10/bin/bin/../../lib\libc99-pic30-elf.a(extendsfdf.XX_o)
                  0x0043ca                  ___extendsfdf2
 .libm.truncdfsf2
                  0x004408         0x56 c:/program files/microchip/xc16/v2.10/bin/bin/../../lib\libc99-pic30-elf.a(truncdfsf.XX_o)
                  0x004408                  ___truncdfsf2
 .libm.mulsi3     0x00445e          0xc c:/program files/microchip/xc16/v2.10/bin/bin/../../lib\libc99-pic30-elf.a(mulsi3.XX_o)
                  0x00445e                  ___mulp32peds3
                  0x00445e                  ___mulsi3
                  0x00445e                  ___mulp32eds3
 .libm.__PplusBdi
                  0x00446a         0x26 c:/program files/microchip/xc16/v2.10/bin/bin/../../lib\libc99-pic30-elf.a(divmoddi3.XX_o)
 .libm.__PminusBdi
                  0x004490         0x26 c:/program files/microchip/xc16/v2.10/bin/bin/../../lib\libc99-pic30-elf.a(divmoddi3.XX_o)
 .libm.__udivmoddi3
                  0x0044b6         0xe6 c:/program files/microchip/xc16/v2.10/bin/bin/../../lib\libc99-pic30-elf.a(divmoddi3.XX_o)
                  0x0044b6                  ___udivmoddi3
 .libm.__udivdi3
                  0x00459c          0xe c:/program files/microchip/xc16/v2.10/bin/bin/../../lib\libc99-pic30-elf.a(divmoddi3.XX_o)
                  0x00459c                  ___udivdi3
 .libm.__umoddi3
                  0x0045aa          0x8 c:/program files/microchip/xc16/v2.10/bin/bin/../../lib\libc99-pic30-elf.a(divmoddi3.XX_o)
                  0x0045aa                  ___umoddi3
 .libm.__divdi3
                  0x0045b2         0x60 c:/program files/microchip/xc16/v2.10/bin/bin/../../lib\libc99-pic30-elf.a(divmoddi3.XX_o)
                  0x0045b2                  ___divdi3
 .libm.__moddi3
                  0x004612         0x5c c:/program files/microchip/xc16/v2.10/bin/bin/../../lib\libc99-pic30-elf.a(divmoddi3.XX_o)
                  0x004612                  ___moddi3
 .libm.__muldi3
                  0x00466e         0x52 c:/program files/microchip/xc16/v2.10/bin/bin/../../lib\libc99-pic30-elf.a(muldi3.XX_o)
                  0x00466e                  ___muldi3
 .libm.dunpack    0x0046c0         0x4e c:/program files/microchip/xc16/v2.10/bin/bin/../../lib\libc99-pic30-elf.a(dunpack.XX_o)
                  0x0046c0                  __dunpack
 .libm.dunpack2
                  0x00470e         0x32 c:/program files/microchip/xc16/v2.10/bin/bin/../../lib\libc99-pic30-elf.a(dunpack2.XX_o)
                  0x00470e                  __dunpack2
                  0x004730                  __dreturnNaN
                  0x004736                  __dunpack2exit
 .libm.umuldi3    0x004740         0x44 c:/program files/microchip/xc16/v2.10/bin/bin/../../lib\libc99-pic30-elf.a(umuldi3.XX_o)
                  0x004740                  ___umuldi3
 .libm.dPropagateNaN
                  0x004784         0x1c c:/program files/microchip/xc16/v2.10/bin/bin/../../lib\libc99-pic30-elf.a(dpropagateNaN.XX_o)
                  0x004784                  __dPropagateNaN

usercode
 *(usercode)

__FBS             0xf80000          0x2
 *(__FBS.sec*)
 __FBS.sec        0xf80000          0x2 /CW/_FBS
                  0xf80000                  __FBS.sec

__FSS             0xf80002          0x2
 *(__FSS.sec*)
 __FSS.sec        0xf80002          0x2 /CW/_FSSP­
                  0xf80002                  __FSS.sec

__FGS             0xf80004          0x2
 *(__FGS.sec*)
 __FGS.sec        0xf80004          0x2 /CW/_FGSÀ
                  0xf80004                  __FGS.sec

__FOSCSEL
 *(__FOSCSEL.sec*)

__FOSC
 *(__FOSC.sec*)

__FWDT
 *(__FWDT.sec*)

__FPOR
 *(__FPOR.sec*)

__FICD
 *(__FICD.sec*)

__FUID0
 *(__FUID0.sec*)

__FUID1
 *(__FUID1.sec*)

__FUID2
 *(__FUID2.sec*)

__FUID3
 *(__FUID3.sec*)

.comment
 *(.comment)

.debug_info       0x000000       0xa90b
 *(.debug_info)
 .debug_info      0x000000       0x197d build/default/production/configuraciones.o
 .debug_info      0x00197d       0x1f11 build/default/production/main.o
 .debug_info      0x00388e        0xde0 build/default/production/rutinas_genericas.o
 .debug_info      0x00466e        0x7d8 build/default/production/timer.o
 .debug_info      0x004e46        0xb5f build/default/production/i2cEmem.o
 .debug_info      0x0059a5        0x66a build/default/production/ctrl_param.o
 .debug_info      0x00600f        0x36c build/default/production/recepcion_serie.o
 .debug_info      0x00637b        0x681 build/default/production/parametrizacion.o
 .debug_info      0x0069fc        0x469 build/default/production/pulso_watch.o
 .debug_info      0x006e65        0x519 build/default/production/APQ.o
 .debug_info      0x00737e         0xd9 build/default/production/automatico.o
 .debug_info      0x007457        0x359 build/default/production/manual.o
 .debug_info      0x0077b0        0x688 build/default/production/quemador.o
 .debug_info      0x007e38        0x876 build/default/production/molino.o
 .debug_info      0x0086ae        0x5eb build/default/production/precalentador.o
 .debug_info      0x008c99        0x1cf build/default/production/borrar.o
 .debug_info      0x008e68        0x420 build/default/production/generar_palabra_A.o
 .debug_info      0x009288        0x31f build/default/production/sonidosAlarma.o
 .debug_info      0x0095a7        0x22c build/default/production/tiempo_Quemador.o
 .debug_info      0x0097d3         0x8d c:/program files/microchip/xc16/v2.10/bin/bin/../../lib\libc99-pic30-elf.a(feqltle.XX_o)
 .debug_info      0x009860         0x8b c:/program files/microchip/xc16/v2.10/bin/bin/../../lib\libc99-pic30-elf.a(fgtge.XX_o)
 .debug_info      0x0098eb         0x8d c:/program files/microchip/xc16/v2.10/bin/bin/../../lib\libc99-pic30-elf.a(fixsfsi.XX_o)
 .debug_info      0x009978         0x90 c:/program files/microchip/xc16/v2.10/bin/bin/../../lib\libc99-pic30-elf.a(fixunssfsi.XX_o)
 .debug_info      0x009a08         0x8f c:/program files/microchip/xc16/v2.10/bin/bin/../../lib\libc99-pic30-elf.a(floatsisf.XX_o)
 .debug_info      0x009a97         0x91 c:/program files/microchip/xc16/v2.10/bin/bin/../../lib\libc99-pic30-elf.a(floatunsisf.XX_o)
 .debug_info      0x009b28         0x8d c:/program files/microchip/xc16/v2.10/bin/bin/../../lib\libc99-pic30-elf.a(funpack.XX_o)
 .debug_info      0x009bb5         0x8d c:/program files/microchip/xc16/v2.10/bin/bin/../../lib\libc99-pic30-elf.a(umodsi3.XX_o)
 .debug_info      0x009c42         0x9d c:/program files/microchip/xc16/v2.10/bin/bin/../../lib\libc99-pic30-elf.a(addsf3x.XX_o)
 .debug_info      0x009cdf         0x9d c:/program files/microchip/xc16/v2.10/bin/bin/../../lib\libc99-pic30-elf.a(divsf3x.XX_o)
 .debug_info      0x009d7c         0x9d c:/program files/microchip/xc16/v2.10/bin/bin/../../lib\libc99-pic30-elf.a(mulsf3x.XX_o)
 .debug_info      0x009e19         0xa0 c:/program files/microchip/xc16/v2.10/bin/bin/../../lib\libc99-pic30-elf.a(dnrmpackfx.XX_o)
 .debug_info      0x009eb9         0xa2 c:/program files/microchip/xc16/v2.10/bin/bin/../../lib\libc99-pic30-elf.a(unpackdnrmfx.XX_o)
 .debug_info      0x009f5b         0x9c c:/program files/microchip/xc16/v2.10/bin/bin/../../lib\libc99-pic30-elf.a(typefx.XX_o)
 .debug_info      0x009ff7         0x9f c:/program files/microchip/xc16/v2.10/bin/bin/../../lib\libc99-pic30-elf.a(propnanfx.XX_o)
 .debug_info      0x00a096         0x9d c:/program files/microchip/xc16/v2.10/bin/bin/../../lib\libc99-pic30-elf.a(spackfx.XX_o)
 .debug_info      0x00a133         0x9e c:/program files/microchip/xc16/v2.10/bin/bin/../../lib\libc99-pic30-elf.a(unpackfx.XX_o)
 .debug_info      0x00a1d1         0x8e c:/program files/microchip/xc16/v2.10/bin/bin/../../lib\libc99-pic30-elf.a(fcompare.XX_o)
 .debug_info      0x00a25f         0x8f c:/program files/microchip/xc16/v2.10/bin/bin/../../lib\libc99-pic30-elf.a(floatdisf.XX_o)
 .debug_info      0x00a2ee         0x91 c:/program files/microchip/xc16/v2.10/bin/bin/../../lib\libc99-pic30-elf.a(floatundisf.XX_o)
 .debug_info      0x00a37f         0x8b c:/program files/microchip/xc16/v2.10/bin/bin/../../lib\libc99-pic30-elf.a(fpack.XX_o)
 .debug_info      0x00a40a         0x8e c:/program files/microchip/xc16/v2.10/bin/bin/../../lib\libc99-pic30-elf.a(funpack2.XX_o)
 .debug_info      0x00a498         0x8d c:/program files/microchip/xc16/v2.10/bin/bin/../../lib\libc99-pic30-elf.a(udivsi3.XX_o)
 .debug_info      0x00a525         0x90 c:/program files/microchip/xc16/v2.10/bin/bin/../../lib\libc99-pic30-elf.a(extendsfdf.XX_o)
 .debug_info      0x00a5b5         0x8f c:/program files/microchip/xc16/v2.10/bin/bin/../../lib\libc99-pic30-elf.a(truncdfsf.XX_o)
 .debug_info      0x00a644         0x8c c:/program files/microchip/xc16/v2.10/bin/bin/../../lib\libc99-pic30-elf.a(mulsi3.XX_o)
 .debug_info      0x00a6d0         0x8d c:/program files/microchip/xc16/v2.10/bin/bin/../../lib\libc99-pic30-elf.a(dunpack.XX_o)
 .debug_info      0x00a75d         0x8e c:/program files/microchip/xc16/v2.10/bin/bin/../../lib\libc99-pic30-elf.a(dunpack2.XX_o)
 .debug_info      0x00a7eb         0x8d c:/program files/microchip/xc16/v2.10/bin/bin/../../lib\libc99-pic30-elf.a(umuldi3.XX_o)
 .debug_info      0x00a878         0x93 c:/program files/microchip/xc16/v2.10/bin/bin/../../lib\libc99-pic30-elf.a(dpropagateNaN.XX_o)
 *(.gnu.linkonce.wi.*)

.debug_abbrev     0x000000       0x1075
 *(.debug_abbrev)
 .debug_abbrev    0x000000        0x129 build/default/production/configuraciones.o
 .debug_abbrev    0x000129        0x167 build/default/production/main.o
 .debug_abbrev    0x000290          0x1 build/default/production/Memoria.o
 .debug_abbrev    0x000291        0x188 build/default/production/rutinas_genericas.o
 .debug_abbrev    0x000419         0xc5 build/default/production/timer.o
 .debug_abbrev    0x0004de        0x158 build/default/production/i2cEmem.o
 .debug_abbrev    0x000636         0x79 build/default/production/ctrl_param.o
 .debug_abbrev    0x0006af         0xbe build/default/production/recepcion_serie.o
 .debug_abbrev    0x00076d         0x68 build/default/production/parametrizacion.o
 .debug_abbrev    0x0007d5         0x9b build/default/production/pulso_watch.o
 .debug_abbrev    0x000870         0xbb build/default/production/APQ.o
 .debug_abbrev    0x00092b         0x27 build/default/production/automatico.o
 .debug_abbrev    0x000952         0xac build/default/production/manual.o
 .debug_abbrev    0x0009fe         0xcf build/default/production/quemador.o
 .debug_abbrev    0x000acd         0xe3 build/default/production/molino.o
 .debug_abbrev    0x000bb0         0xcf build/default/production/precalentador.o
 .debug_abbrev    0x000c7f         0x34 build/default/production/borrar.o
 .debug_abbrev    0x000cb3         0x79 build/default/production/generar_palabra_A.o
 .debug_abbrev    0x000d2c         0x9b build/default/production/sonidosAlarma.o
 .debug_abbrev    0x000dc7         0x56 build/default/production/tiempo_Quemador.o
 .debug_abbrev    0x000e1d         0x14 c:/program files/microchip/xc16/v2.10/bin/bin/../../lib\libc99-pic30-elf.a(feqltle.XX_o)
 .debug_abbrev    0x000e31         0x14 c:/program files/microchip/xc16/v2.10/bin/bin/../../lib\libc99-pic30-elf.a(fgtge.XX_o)
 .debug_abbrev    0x000e45         0x14 c:/program files/microchip/xc16/v2.10/bin/bin/../../lib\libc99-pic30-elf.a(fixsfsi.XX_o)
 .debug_abbrev    0x000e59         0x14 c:/program files/microchip/xc16/v2.10/bin/bin/../../lib\libc99-pic30-elf.a(fixunssfsi.XX_o)
 .debug_abbrev    0x000e6d         0x14 c:/program files/microchip/xc16/v2.10/bin/bin/../../lib\libc99-pic30-elf.a(floatsisf.XX_o)
 .debug_abbrev    0x000e81         0x14 c:/program files/microchip/xc16/v2.10/bin/bin/../../lib\libc99-pic30-elf.a(floatunsisf.XX_o)
 .debug_abbrev    0x000e95         0x14 c:/program files/microchip/xc16/v2.10/bin/bin/../../lib\libc99-pic30-elf.a(funpack.XX_o)
 .debug_abbrev    0x000ea9         0x14 c:/program files/microchip/xc16/v2.10/bin/bin/../../lib\libc99-pic30-elf.a(umodsi3.XX_o)
 .debug_abbrev    0x000ebd         0x14 c:/program files/microchip/xc16/v2.10/bin/bin/../../lib\libc99-pic30-elf.a(addsf3x.XX_o)
 .debug_abbrev    0x000ed1         0x14 c:/program files/microchip/xc16/v2.10/bin/bin/../../lib\libc99-pic30-elf.a(divsf3x.XX_o)
 .debug_abbrev    0x000ee5         0x14 c:/program files/microchip/xc16/v2.10/bin/bin/../../lib\libc99-pic30-elf.a(mulsf3x.XX_o)
 .debug_abbrev    0x000ef9         0x14 c:/program files/microchip/xc16/v2.10/bin/bin/../../lib\libc99-pic30-elf.a(dnrmpackfx.XX_o)
 .debug_abbrev    0x000f0d         0x14 c:/program files/microchip/xc16/v2.10/bin/bin/../../lib\libc99-pic30-elf.a(unpackdnrmfx.XX_o)
 .debug_abbrev    0x000f21         0x14 c:/program files/microchip/xc16/v2.10/bin/bin/../../lib\libc99-pic30-elf.a(typefx.XX_o)
 .debug_abbrev    0x000f35         0x14 c:/program files/microchip/xc16/v2.10/bin/bin/../../lib\libc99-pic30-elf.a(propnanfx.XX_o)
 .debug_abbrev    0x000f49         0x14 c:/program files/microchip/xc16/v2.10/bin/bin/../../lib\libc99-pic30-elf.a(spackfx.XX_o)
 .debug_abbrev    0x000f5d         0x14 c:/program files/microchip/xc16/v2.10/bin/bin/../../lib\libc99-pic30-elf.a(unpackfx.XX_o)
 .debug_abbrev    0x000f71         0x14 c:/program files/microchip/xc16/v2.10/bin/bin/../../lib\libc99-pic30-elf.a(fcompare.XX_o)
 .debug_abbrev    0x000f85         0x14 c:/program files/microchip/xc16/v2.10/bin/bin/../../lib\libc99-pic30-elf.a(floatdisf.XX_o)
 .debug_abbrev    0x000f99         0x14 c:/program files/microchip/xc16/v2.10/bin/bin/../../lib\libc99-pic30-elf.a(floatundisf.XX_o)
 .debug_abbrev    0x000fad         0x14 c:/program files/microchip/xc16/v2.10/bin/bin/../../lib\libc99-pic30-elf.a(fpack.XX_o)
 .debug_abbrev    0x000fc1         0x14 c:/program files/microchip/xc16/v2.10/bin/bin/../../lib\libc99-pic30-elf.a(funpack2.XX_o)
 .debug_abbrev    0x000fd5         0x14 c:/program files/microchip/xc16/v2.10/bin/bin/../../lib\libc99-pic30-elf.a(udivsi3.XX_o)
 .debug_abbrev    0x000fe9         0x14 c:/program files/microchip/xc16/v2.10/bin/bin/../../lib\libc99-pic30-elf.a(extendsfdf.XX_o)
 .debug_abbrev    0x000ffd         0x14 c:/program files/microchip/xc16/v2.10/bin/bin/../../lib\libc99-pic30-elf.a(truncdfsf.XX_o)
 .debug_abbrev    0x001011         0x14 c:/program files/microchip/xc16/v2.10/bin/bin/../../lib\libc99-pic30-elf.a(mulsi3.XX_o)
 .debug_abbrev    0x001025         0x14 c:/program files/microchip/xc16/v2.10/bin/bin/../../lib\libc99-pic30-elf.a(dunpack.XX_o)
 .debug_abbrev    0x001039         0x14 c:/program files/microchip/xc16/v2.10/bin/bin/../../lib\libc99-pic30-elf.a(dunpack2.XX_o)
 .debug_abbrev    0x00104d         0x14 c:/program files/microchip/xc16/v2.10/bin/bin/../../lib\libc99-pic30-elf.a(umuldi3.XX_o)
 .debug_abbrev    0x001061         0x14 c:/program files/microchip/xc16/v2.10/bin/bin/../../lib\libc99-pic30-elf.a(dpropagateNaN.XX_o)

.debug_line       0x000000       0x21e5
 *(.debug_line)
 .debug_line      0x000000        0x15d build/default/production/configuraciones.o
 .debug_line      0x00015d        0x420 build/default/production/main.o
 .debug_line      0x00057d         0x1a build/default/production/Memoria.o
 .debug_line      0x000597        0x176 build/default/production/rutinas_genericas.o
 .debug_line      0x00070d        0x10b build/default/production/timer.o
 .debug_line      0x000818        0x1d9 build/default/production/i2cEmem.o
 .debug_line      0x0009f1         0x67 build/default/production/ctrl_param.o
 .debug_line      0x000a58        0x109 build/default/production/recepcion_serie.o
 .debug_line      0x000b61         0x88 build/default/production/parametrizacion.o
 .debug_line      0x000be9        0x101 build/default/production/pulso_watch.o
 .debug_line      0x000cea        0x114 build/default/production/APQ.o
 .debug_line      0x000dfe         0x38 build/default/production/automatico.o
 .debug_line      0x000e36        0x111 build/default/production/manual.o
 .debug_line      0x000f47        0x170 build/default/production/quemador.o
 .debug_line      0x0010b7        0x1a0 build/default/production/molino.o
 .debug_line      0x001257        0x164 build/default/production/precalentador.o
 .debug_line      0x0013bb         0x46 build/default/production/borrar.o
 .debug_line      0x001401         0x4d build/default/production/generar_palabra_A.o
 .debug_line      0x00144e        0x129 build/default/production/sonidosAlarma.o
 .debug_line      0x001577         0x4b build/default/production/tiempo_Quemador.o
 .debug_line      0x0015c2         0x37 c:/program files/microchip/xc16/v2.10/bin/bin/../../lib\libc99-pic30-elf.a(feqltle.XX_o)
 .debug_line      0x0015f9         0x35 c:/program files/microchip/xc16/v2.10/bin/bin/../../lib\libc99-pic30-elf.a(fgtge.XX_o)
 .debug_line      0x00162e         0x56 c:/program files/microchip/xc16/v2.10/bin/bin/../../lib\libc99-pic30-elf.a(fixsfsi.XX_o)
 .debug_line      0x001684         0x53 c:/program files/microchip/xc16/v2.10/bin/bin/../../lib\libc99-pic30-elf.a(fixunssfsi.XX_o)
 .debug_line      0x0016d7         0x3a c:/program files/microchip/xc16/v2.10/bin/bin/../../lib\libc99-pic30-elf.a(floatsisf.XX_o)
 .debug_line      0x001711         0x3b c:/program files/microchip/xc16/v2.10/bin/bin/../../lib\libc99-pic30-elf.a(floatunsisf.XX_o)
 .debug_line      0x00174c         0x4a c:/program files/microchip/xc16/v2.10/bin/bin/../../lib\libc99-pic30-elf.a(funpack.XX_o)
 .debug_line      0x001796         0x38 c:/program files/microchip/xc16/v2.10/bin/bin/../../lib\libc99-pic30-elf.a(umodsi3.XX_o)
 .debug_line      0x0017ce        0x136 c:/program files/microchip/xc16/v2.10/bin/bin/../../lib\libc99-pic30-elf.a(addsf3x.XX_o)
 .debug_line      0x001904        0x124 c:/program files/microchip/xc16/v2.10/bin/bin/../../lib\libc99-pic30-elf.a(divsf3x.XX_o)
 .debug_line      0x001a28         0xcc c:/program files/microchip/xc16/v2.10/bin/bin/../../lib\libc99-pic30-elf.a(mulsf3x.XX_o)
 .debug_line      0x001af4         0x72 c:/program files/microchip/xc16/v2.10/bin/bin/../../lib\libc99-pic30-elf.a(dnrmpackfx.XX_o)
 .debug_line      0x001b66         0x7a c:/program files/microchip/xc16/v2.10/bin/bin/../../lib\libc99-pic30-elf.a(unpackdnrmfx.XX_o)
 .debug_line      0x001be0         0x5e c:/program files/microchip/xc16/v2.10/bin/bin/../../lib\libc99-pic30-elf.a(typefx.XX_o)
 .debug_line      0x001c3e         0x51 c:/program files/microchip/xc16/v2.10/bin/bin/../../lib\libc99-pic30-elf.a(propnanfx.XX_o)
 .debug_line      0x001c8f         0x98 c:/program files/microchip/xc16/v2.10/bin/bin/../../lib\libc99-pic30-elf.a(spackfx.XX_o)
 .debug_line      0x001d27         0x79 c:/program files/microchip/xc16/v2.10/bin/bin/../../lib\libc99-pic30-elf.a(unpackfx.XX_o)
 .debug_line      0x001da0         0x1a c:/program files/microchip/xc16/v2.10/bin/bin/../../lib\libc99-pic30-elf.a(errno.XX_o)
 .debug_line      0x001dba         0x53 c:/program files/microchip/xc16/v2.10/bin/bin/../../lib\libc99-pic30-elf.a(fcompare.XX_o)
 .debug_line      0x001e0d         0x47 c:/program files/microchip/xc16/v2.10/bin/bin/../../lib\libc99-pic30-elf.a(floatdisf.XX_o)
 .debug_line      0x001e54         0x6c c:/program files/microchip/xc16/v2.10/bin/bin/../../lib\libc99-pic30-elf.a(floatundisf.XX_o)
 .debug_line      0x001ec0         0x5a c:/program files/microchip/xc16/v2.10/bin/bin/../../lib\libc99-pic30-elf.a(fpack.XX_o)
 .debug_line      0x001f1a         0x3e c:/program files/microchip/xc16/v2.10/bin/bin/../../lib\libc99-pic30-elf.a(funpack2.XX_o)
 .debug_line      0x001f58         0x45 c:/program files/microchip/xc16/v2.10/bin/bin/../../lib\libc99-pic30-elf.a(udivsi3.XX_o)
 .debug_line      0x001f9d         0x59 c:/program files/microchip/xc16/v2.10/bin/bin/../../lib\libc99-pic30-elf.a(extendsfdf.XX_o)
 .debug_line      0x001ff6         0x66 c:/program files/microchip/xc16/v2.10/bin/bin/../../lib\libc99-pic30-elf.a(truncdfsf.XX_o)
 .debug_line      0x00205c         0x3a c:/program files/microchip/xc16/v2.10/bin/bin/../../lib\libc99-pic30-elf.a(mulsi3.XX_o)
 .debug_line      0x002096         0x5c c:/program files/microchip/xc16/v2.10/bin/bin/../../lib\libc99-pic30-elf.a(dunpack.XX_o)
 .debug_line      0x0020f2         0x53 c:/program files/microchip/xc16/v2.10/bin/bin/../../lib\libc99-pic30-elf.a(dunpack2.XX_o)
 .debug_line      0x002145         0x57 c:/program files/microchip/xc16/v2.10/bin/bin/../../lib\libc99-pic30-elf.a(umuldi3.XX_o)
 .debug_line      0x00219c         0x49 c:/program files/microchip/xc16/v2.10/bin/bin/../../lib\libc99-pic30-elf.a(dpropagateNaN.XX_o)

.debug_frame      0x000000        0x7ce
 *(.debug_frame)
 .debug_frame     0x000000         0xfe build/default/production/configuraciones.o
 .debug_frame     0x0000fe         0xc4 build/default/production/main.o
 .debug_frame     0x0001c2         0xca build/default/production/rutinas_genericas.o
 .debug_frame     0x00028c         0x7c build/default/production/timer.o
 .debug_frame     0x000308         0x86 build/default/production/i2cEmem.o
 .debug_frame     0x00038e         0x2e build/default/production/ctrl_param.o
 .debug_frame     0x0003bc         0x5c build/default/production/recepcion_serie.o
 .debug_frame     0x000418         0x80 build/default/production/parametrizacion.o
 .debug_frame     0x000498         0x2e build/default/production/pulso_watch.o
 .debug_frame     0x0004c6         0x36 build/default/production/APQ.o
 .debug_frame     0x0004fc         0x2e build/default/production/automatico.o
 .debug_frame     0x00052a         0x2e build/default/production/manual.o
 .debug_frame     0x000558         0x4a build/default/production/quemador.o
 .debug_frame     0x0005a2         0x74 build/default/production/molino.o
 .debug_frame     0x000616         0x4a build/default/production/precalentador.o
 .debug_frame     0x000660         0x96 build/default/production/borrar.o
 .debug_frame     0x0006f6         0x48 build/default/production/generar_palabra_A.o
 .debug_frame     0x00073e         0x48 build/default/production/sonidosAlarma.o
 .debug_frame     0x000786         0x48 build/default/production/tiempo_Quemador.o

.debug_str        0x000000        0x6f6
 *(.debug_str)
 .debug_str       0x000000         0x93 build/default/production/configuraciones.o
 .debug_str       0x000093        0x2c4 build/default/production/main.o
 .debug_str       0x000357         0x5d build/default/production/rutinas_genericas.o
 .debug_str       0x0003b4         0x25 build/default/production/timer.o
 .debug_str       0x0003d9         0x34 build/default/production/i2cEmem.o
 .debug_str       0x00040d          0x9 build/default/production/ctrl_param.o
 .debug_str       0x000416          0x9 build/default/production/recepcion_serie.o
 .debug_str       0x00041f         0x29 build/default/production/parametrizacion.o
 .debug_str       0x000448         0x12 build/default/production/pulso_watch.o
 .debug_str       0x00045a         0x12 build/default/production/APQ.o
 .debug_str       0x00046c         0x5b build/default/production/manual.o
 .debug_str       0x0004c7         0xc0 build/default/production/quemador.o
 .debug_str       0x000587         0xb2 build/default/production/molino.o
 .debug_str       0x000639         0x8d build/default/production/precalentador.o
 .debug_str       0x0006c6         0x17 build/default/production/generar_palabra_A.o
 .debug_str       0x0006dd          0x9 build/default/production/sonidosAlarma.o
 .debug_str       0x0006e6         0x10 build/default/production/tiempo_Quemador.o

.debug_loc
 *(.debug_loc)

.debug_macinfo
 *(.debug_macinfo)

.debug_pubnames
                  0x000000        0xc6f
 *(.debug_pubnames)
 .debug_pubnames
                  0x000000         0xd8 build/default/production/configuraciones.o
 .debug_pubnames
                  0x0000d8        0x839 build/default/production/main.o
 .debug_pubnames
                  0x000911         0x85 build/default/production/rutinas_genericas.o
 .debug_pubnames
                  0x000996         0x56 build/default/production/timer.o
 .debug_pubnames
                  0x0009ec         0x63 build/default/production/i2cEmem.o
 .debug_pubnames
                  0x000a4f         0x24 build/default/production/ctrl_param.o
 .debug_pubnames
                  0x000a73         0x25 build/default/production/recepcion_serie.o
 .debug_pubnames
                  0x000a98         0x21 build/default/production/parametrizacion.o
 .debug_pubnames
                  0x000ab9         0x25 build/default/production/pulso_watch.o
 .debug_pubnames
                  0x000ade         0x1a build/default/production/APQ.o
 .debug_pubnames
                  0x000af8         0x21 build/default/production/automatico.o
 .debug_pubnames
                  0x000b19         0x1d build/default/production/manual.o
 .debug_pubnames
                  0x000b36         0x1f build/default/production/quemador.o
 .debug_pubnames
                  0x000b55         0x1d build/default/production/molino.o
 .debug_pubnames
                  0x000b72         0x24 build/default/production/precalentador.o
 .debug_pubnames
                  0x000b96         0x5c build/default/production/borrar.o
 .debug_pubnames
                  0x000bf2         0x20 build/default/production/generar_palabra_A.o
 .debug_pubnames
                  0x000c12         0x2c build/default/production/sonidosAlarma.o
 .debug_pubnames
                  0x000c3e         0x31 build/default/production/tiempo_Quemador.o

.debug_ranges
 *(.debug_ranges)

.debug_aranges    0x000000        0x588
 *(.debug_aranges)
 .debug_aranges
                  0x000000         0x18 build/default/production/configuraciones.o
 .debug_aranges
                  0x000018         0x18 build/default/production/main.o
 .debug_aranges
                  0x000030         0x18 build/default/production/rutinas_genericas.o
 .debug_aranges
                  0x000048         0x18 build/default/production/timer.o
 .debug_aranges
                  0x000060         0x18 build/default/production/i2cEmem.o
 .debug_aranges
                  0x000078         0x18 build/default/production/ctrl_param.o
 .debug_aranges
                  0x000090         0x18 build/default/production/recepcion_serie.o
 .debug_aranges
                  0x0000a8         0x18 build/default/production/parametrizacion.o
 .debug_aranges
                  0x0000c0         0x18 build/default/production/pulso_watch.o
 .debug_aranges
                  0x0000d8         0x18 build/default/production/APQ.o
 .debug_aranges
                  0x0000f0         0x18 build/default/production/automatico.o
 .debug_aranges
                  0x000108         0x18 build/default/production/manual.o
 .debug_aranges
                  0x000120         0x18 build/default/production/quemador.o
 .debug_aranges
                  0x000138         0x18 build/default/production/molino.o
 .debug_aranges
                  0x000150         0x18 build/default/production/precalentador.o
 .debug_aranges
                  0x000168         0x18 build/default/production/borrar.o
 .debug_aranges
                  0x000180         0x18 build/default/production/generar_palabra_A.o
 .debug_aranges
                  0x000198         0x18 build/default/production/sonidosAlarma.o
 .debug_aranges
                  0x0001b0         0x18 build/default/production/tiempo_Quemador.o
 .debug_aranges
                  0x0001c8         0x20 c:/program files/microchip/xc16/v2.10/bin/bin/../../lib\libc99-pic30-elf.a(feqltle.XX_o)
 .debug_aranges
                  0x0001e8         0x20 c:/program files/microchip/xc16/v2.10/bin/bin/../../lib\libc99-pic30-elf.a(fgtge.XX_o)
 .debug_aranges
                  0x000208         0x20 c:/program files/microchip/xc16/v2.10/bin/bin/../../lib\libc99-pic30-elf.a(fixsfsi.XX_o)
 .debug_aranges
                  0x000228         0x20 c:/program files/microchip/xc16/v2.10/bin/bin/../../lib\libc99-pic30-elf.a(fixunssfsi.XX_o)
 .debug_aranges
                  0x000248         0x20 c:/program files/microchip/xc16/v2.10/bin/bin/../../lib\libc99-pic30-elf.a(floatsisf.XX_o)
 .debug_aranges
                  0x000268         0x20 c:/program files/microchip/xc16/v2.10/bin/bin/../../lib\libc99-pic30-elf.a(floatunsisf.XX_o)
 .debug_aranges
                  0x000288         0x20 c:/program files/microchip/xc16/v2.10/bin/bin/../../lib\libc99-pic30-elf.a(funpack.XX_o)
 .debug_aranges
                  0x0002a8         0x20 c:/program files/microchip/xc16/v2.10/bin/bin/../../lib\libc99-pic30-elf.a(umodsi3.XX_o)
 .debug_aranges
                  0x0002c8         0x20 c:/program files/microchip/xc16/v2.10/bin/bin/../../lib\libc99-pic30-elf.a(addsf3x.XX_o)
 .debug_aranges
                  0x0002e8         0x20 c:/program files/microchip/xc16/v2.10/bin/bin/../../lib\libc99-pic30-elf.a(divsf3x.XX_o)
 .debug_aranges
                  0x000308         0x20 c:/program files/microchip/xc16/v2.10/bin/bin/../../lib\libc99-pic30-elf.a(mulsf3x.XX_o)
 .debug_aranges
                  0x000328         0x20 c:/program files/microchip/xc16/v2.10/bin/bin/../../lib\libc99-pic30-elf.a(dnrmpackfx.XX_o)
 .debug_aranges
                  0x000348         0x20 c:/program files/microchip/xc16/v2.10/bin/bin/../../lib\libc99-pic30-elf.a(unpackdnrmfx.XX_o)
 .debug_aranges
                  0x000368         0x20 c:/program files/microchip/xc16/v2.10/bin/bin/../../lib\libc99-pic30-elf.a(typefx.XX_o)
 .debug_aranges
                  0x000388         0x20 c:/program files/microchip/xc16/v2.10/bin/bin/../../lib\libc99-pic30-elf.a(propnanfx.XX_o)
 .debug_aranges
                  0x0003a8         0x20 c:/program files/microchip/xc16/v2.10/bin/bin/../../lib\libc99-pic30-elf.a(spackfx.XX_o)
 .debug_aranges
                  0x0003c8         0x20 c:/program files/microchip/xc16/v2.10/bin/bin/../../lib\libc99-pic30-elf.a(unpackfx.XX_o)
 .debug_aranges
                  0x0003e8         0x20 c:/program files/microchip/xc16/v2.10/bin/bin/../../lib\libc99-pic30-elf.a(fcompare.XX_o)
 .debug_aranges
                  0x000408         0x20 c:/program files/microchip/xc16/v2.10/bin/bin/../../lib\libc99-pic30-elf.a(floatdisf.XX_o)
 .debug_aranges
                  0x000428         0x20 c:/program files/microchip/xc16/v2.10/bin/bin/../../lib\libc99-pic30-elf.a(floatundisf.XX_o)
 .debug_aranges
                  0x000448         0x20 c:/program files/microchip/xc16/v2.10/bin/bin/../../lib\libc99-pic30-elf.a(fpack.XX_o)
 .debug_aranges
                  0x000468         0x20 c:/program files/microchip/xc16/v2.10/bin/bin/../../lib\libc99-pic30-elf.a(funpack2.XX_o)
 .debug_aranges
                  0x000488         0x20 c:/program files/microchip/xc16/v2.10/bin/bin/../../lib\libc99-pic30-elf.a(udivsi3.XX_o)
 .debug_aranges
                  0x0004a8         0x20 c:/program files/microchip/xc16/v2.10/bin/bin/../../lib\libc99-pic30-elf.a(extendsfdf.XX_o)
 .debug_aranges
                  0x0004c8         0x20 c:/program files/microchip/xc16/v2.10/bin/bin/../../lib\libc99-pic30-elf.a(truncdfsf.XX_o)
 .debug_aranges
                  0x0004e8         0x20 c:/program files/microchip/xc16/v2.10/bin/bin/../../lib\libc99-pic30-elf.a(mulsi3.XX_o)
 .debug_aranges
                  0x000508         0x20 c:/program files/microchip/xc16/v2.10/bin/bin/../../lib\libc99-pic30-elf.a(dunpack.XX_o)
 .debug_aranges
                  0x000528         0x20 c:/program files/microchip/xc16/v2.10/bin/bin/../../lib\libc99-pic30-elf.a(dunpack2.XX_o)
 .debug_aranges
                  0x000548         0x20 c:/program files/microchip/xc16/v2.10/bin/bin/../../lib\libc99-pic30-elf.a(umuldi3.XX_o)
 .debug_aranges
                  0x000568         0x20 c:/program files/microchip/xc16/v2.10/bin/bin/../../lib\libc99-pic30-elf.a(dpropagateNaN.XX_o)
                    0x0000                  WREG0 = 0x0
                    0x0000                  _WREG0 = 0x0
                    0x0002                  WREG1 = 0x2
                    0x0002                  _WREG1 = 0x2
                    0x0004                  WREG2 = 0x4
                    0x0004                  _WREG2 = 0x4
                    0x0006                  WREG3 = 0x6
                    0x0006                  _WREG3 = 0x6
                    0x0008                  WREG4 = 0x8
                    0x0008                  _WREG4 = 0x8
                    0x000a                  WREG5 = 0xa
                    0x000a                  _WREG5 = 0xa
                    0x000c                  WREG6 = 0xc
                    0x000c                  _WREG6 = 0xc
                    0x000e                  WREG7 = 0xe
                    0x000e                  _WREG7 = 0xe
                    0x0010                  WREG8 = 0x10
                    0x0010                  _WREG8 = 0x10
                    0x0012                  WREG9 = 0x12
                    0x0012                  _WREG9 = 0x12
                    0x0014                  WREG10 = 0x14
                    0x0014                  _WREG10 = 0x14
                    0x0016                  WREG11 = 0x16
                    0x0016                  _WREG11 = 0x16
                    0x0018                  WREG12 = 0x18
                    0x0018                  _WREG12 = 0x18
                    0x001a                  WREG13 = 0x1a
                    0x001a                  _WREG13 = 0x1a
                    0x001c                  WREG14 = 0x1c
                    0x001c                  _WREG14 = 0x1c
                    0x001e                  WREG15 = 0x1e
                    0x001e                  _WREG15 = 0x1e
                    0x0020                  SPLIM = 0x20
                    0x0020                  _SPLIM = 0x20
                    0x0022                  ACCAL = 0x22
                    0x0022                  _ACCAL = 0x22
                    0x0024                  ACCAH = 0x24
                    0x0024                  _ACCAH = 0x24
                    0x0026                  ACCAU = 0x26
                    0x0026                  _ACCAU = 0x26
                    0x0028                  ACCBL = 0x28
                    0x0028                  _ACCBL = 0x28
                    0x002a                  ACCBH = 0x2a
                    0x002a                  _ACCBH = 0x2a
                    0x002c                  ACCBU = 0x2c
                    0x002c                  _ACCBU = 0x2c
                    0x002e                  PCL = 0x2e
                    0x002e                  _PCL = 0x2e
                    0x0030                  PCH = 0x30
                    0x0030                  _PCH = 0x30
                    0x0032                  TBLPAG = 0x32
                    0x0032                  _TBLPAG = 0x32
                    0x0034                  PSVPAG = 0x34
                    0x0034                  _PSVPAG = 0x34
                    0x0036                  RCOUNT = 0x36
                    0x0036                  _RCOUNT = 0x36
                    0x0038                  DCOUNT = 0x38
                    0x0038                  _DCOUNT = 0x38
                    0x003a                  DOSTARTL = 0x3a
                    0x003a                  _DOSTARTL = 0x3a
                    0x003c                  DOSTARTH = 0x3c
                    0x003c                  _DOSTARTH = 0x3c
                    0x003e                  DOENDL = 0x3e
                    0x003e                  _DOENDL = 0x3e
                    0x0040                  DOENDH = 0x40
                    0x0040                  _DOENDH = 0x40
                    0x0042                  SR = 0x42
                    0x0042                  _SR = 0x42
                    0x0042                  _SRbits = 0x42
                    0x0044                  CORCON = 0x44
                    0x0044                  _CORCON = 0x44
                    0x0044                  _CORCONbits = 0x44
                    0x0046                  MODCON = 0x46
                    0x0046                  _MODCON = 0x46
                    0x0046                  _MODCONbits = 0x46
                    0x0048                  XMODSRT = 0x48
                    0x0048                  _XMODSRT = 0x48
                    0x004a                  XMODEND = 0x4a
                    0x004a                  _XMODEND = 0x4a
                    0x004c                  YMODSRT = 0x4c
                    0x004c                  _YMODSRT = 0x4c
                    0x004e                  YMODEND = 0x4e
                    0x004e                  _YMODEND = 0x4e
                    0x0050                  XBREV = 0x50
                    0x0050                  _XBREV = 0x50
                    0x0050                  _XBREVbits = 0x50
                    0x0052                  DISICNT = 0x52
                    0x0052                  _DISICNT = 0x52
                    0x0060                  CNEN1 = 0x60
                    0x0060                  _CNEN1 = 0x60
                    0x0060                  _CNEN1bits = 0x60
                    0x0062                  CNEN2 = 0x62
                    0x0062                  _CNEN2 = 0x62
                    0x0062                  _CNEN2bits = 0x62
                    0x0068                  CNPU1 = 0x68
                    0x0068                  _CNPU1 = 0x68
                    0x0068                  _CNPU1bits = 0x68
                    0x006a                  CNPU2 = 0x6a
                    0x006a                  _CNPU2 = 0x6a
                    0x006a                  _CNPU2bits = 0x6a
                    0x0080                  INTCON1 = 0x80
                    0x0080                  _INTCON1 = 0x80
                    0x0080                  _INTCON1bits = 0x80
                    0x0082                  INTCON2 = 0x82
                    0x0082                  _INTCON2 = 0x82
                    0x0082                  _INTCON2bits = 0x82
                    0x0084                  IFS0 = 0x84
                    0x0084                  _IFS0 = 0x84
                    0x0084                  _IFS0bits = 0x84
                    0x0086                  IFS1 = 0x86
                    0x0086                  _IFS1 = 0x86
                    0x0086                  _IFS1bits = 0x86
                    0x0088                  IFS2 = 0x88
                    0x0088                  _IFS2 = 0x88
                    0x0088                  _IFS2bits = 0x88
                    0x008a                  IFS3 = 0x8a
                    0x008a                  _IFS3 = 0x8a
                    0x008a                  _IFS3bits = 0x8a
                    0x008c                  IFS4 = 0x8c
                    0x008c                  _IFS4 = 0x8c
                    0x008c                  _IFS4bits = 0x8c
                    0x0094                  IEC0 = 0x94
                    0x0094                  _IEC0 = 0x94
                    0x0094                  _IEC0bits = 0x94
                    0x0096                  IEC1 = 0x96
                    0x0096                  _IEC1 = 0x96
                    0x0096                  _IEC1bits = 0x96
                    0x0098                  IEC2 = 0x98
                    0x0098                  _IEC2 = 0x98
                    0x0098                  _IEC2bits = 0x98
                    0x009a                  IEC3 = 0x9a
                    0x009a                  _IEC3 = 0x9a
                    0x009a                  _IEC3bits = 0x9a
                    0x009c                  IEC4 = 0x9c
                    0x009c                  _IEC4 = 0x9c
                    0x009c                  _IEC4bits = 0x9c
                    0x00a4                  IPC0 = 0xa4
                    0x00a4                  _IPC0 = 0xa4
                    0x00a4                  _IPC0bits = 0xa4
                    0x00a6                  IPC1 = 0xa6
                    0x00a6                  _IPC1 = 0xa6
                    0x00a6                  _IPC1bits = 0xa6
                    0x00a8                  IPC2 = 0xa8
                    0x00a8                  _IPC2 = 0xa8
                    0x00a8                  _IPC2bits = 0xa8
                    0x00aa                  IPC3 = 0xaa
                    0x00aa                  _IPC3 = 0xaa
                    0x00aa                  _IPC3bits = 0xaa
                    0x00ac                  IPC4 = 0xac
                    0x00ac                  _IPC4 = 0xac
                    0x00ac                  _IPC4bits = 0xac
                    0x00ae                  IPC5 = 0xae
                    0x00ae                  _IPC5 = 0xae
                    0x00ae                  _IPC5bits = 0xae
                    0x00b0                  IPC6 = 0xb0
                    0x00b0                  _IPC6 = 0xb0
                    0x00b0                  _IPC6bits = 0xb0
                    0x00b2                  IPC7 = 0xb2
                    0x00b2                  _IPC7 = 0xb2
                    0x00b2                  _IPC7bits = 0xb2
                    0x00b4                  IPC8 = 0xb4
                    0x00b4                  _IPC8 = 0xb4
                    0x00b4                  _IPC8bits = 0xb4
                    0x00b6                  IPC9 = 0xb6
                    0x00b6                  _IPC9 = 0xb6
                    0x00b6                  _IPC9bits = 0xb6
                    0x00b8                  IPC10 = 0xb8
                    0x00b8                  _IPC10 = 0xb8
                    0x00b8                  _IPC10bits = 0xb8
                    0x00ba                  IPC11 = 0xba
                    0x00ba                  _IPC11 = 0xba
                    0x00ba                  _IPC11bits = 0xba
                    0x00bc                  IPC12 = 0xbc
                    0x00bc                  _IPC12 = 0xbc
                    0x00bc                  _IPC12bits = 0xbc
                    0x00be                  IPC13 = 0xbe
                    0x00be                  _IPC13 = 0xbe
                    0x00be                  _IPC13bits = 0xbe
                    0x00c0                  IPC14 = 0xc0
                    0x00c0                  _IPC14 = 0xc0
                    0x00c0                  _IPC14bits = 0xc0
                    0x00c2                  IPC15 = 0xc2
                    0x00c2                  _IPC15 = 0xc2
                    0x00c2                  _IPC15bits = 0xc2
                    0x00c4                  IPC16 = 0xc4
                    0x00c4                  _IPC16 = 0xc4
                    0x00c4                  _IPC16bits = 0xc4
                    0x00c6                  IPC17 = 0xc6
                    0x00c6                  _IPC17 = 0xc6
                    0x00c6                  _IPC17bits = 0xc6
                    0x00e0                  INTTREG = 0xe0
                    0x00e0                  _INTTREG = 0xe0
                    0x00e0                  _INTTREGbits = 0xe0
                    0x0100                  TMR1 = 0x100
                    0x0100                  _TMR1 = 0x100
                    0x0102                  PR1 = 0x102
                    0x0102                  _PR1 = 0x102
                    0x0104                  T1CON = 0x104
                    0x0104                  _T1CON = 0x104
                    0x0104                  _T1CONbits = 0x104
                    0x0106                  TMR2 = 0x106
                    0x0106                  _TMR2 = 0x106
                    0x0108                  TMR3HLD = 0x108
                    0x0108                  _TMR3HLD = 0x108
                    0x010a                  TMR3 = 0x10a
                    0x010a                  _TMR3 = 0x10a
                    0x010c                  PR2 = 0x10c
                    0x010c                  _PR2 = 0x10c
                    0x010e                  PR3 = 0x10e
                    0x010e                  _PR3 = 0x10e
                    0x0110                  T2CON = 0x110
                    0x0110                  _T2CON = 0x110
                    0x0110                  _T2CONbits = 0x110
                    0x0112                  T3CON = 0x112
                    0x0112                  _T3CON = 0x112
                    0x0112                  _T3CONbits = 0x112
                    0x0114                  TMR4 = 0x114
                    0x0114                  _TMR4 = 0x114
                    0x0116                  TMR5HLD = 0x116
                    0x0116                  _TMR5HLD = 0x116
                    0x0118                  TMR5 = 0x118
                    0x0118                  _TMR5 = 0x118
                    0x011a                  PR4 = 0x11a
                    0x011a                  _PR4 = 0x11a
                    0x011c                  PR5 = 0x11c
                    0x011c                  _PR5 = 0x11c
                    0x011e                  T4CON = 0x11e
                    0x011e                  _T4CON = 0x11e
                    0x011e                  _T4CONbits = 0x11e
                    0x0120                  T5CON = 0x120
                    0x0120                  _T5CON = 0x120
                    0x0120                  _T5CONbits = 0x120
                    0x0122                  TMR6 = 0x122
                    0x0122                  _TMR6 = 0x122
                    0x0124                  TMR7HLD = 0x124
                    0x0124                  _TMR7HLD = 0x124
                    0x0126                  TMR7 = 0x126
                    0x0126                  _TMR7 = 0x126
                    0x0128                  PR6 = 0x128
                    0x0128                  _PR6 = 0x128
                    0x012a                  PR7 = 0x12a
                    0x012a                  _PR7 = 0x12a
                    0x012c                  T6CON = 0x12c
                    0x012c                  _T6CON = 0x12c
                    0x012c                  _T6CONbits = 0x12c
                    0x012e                  T7CON = 0x12e
                    0x012e                  _T7CON = 0x12e
                    0x012e                  _T7CONbits = 0x12e
                    0x0130                  TMR8 = 0x130
                    0x0130                  _TMR8 = 0x130
                    0x0132                  TMR9HLD = 0x132
                    0x0132                  _TMR9HLD = 0x132
                    0x0134                  TMR9 = 0x134
                    0x0134                  _TMR9 = 0x134
                    0x0136                  PR8 = 0x136
                    0x0136                  _PR8 = 0x136
                    0x0138                  PR9 = 0x138
                    0x0138                  _PR9 = 0x138
                    0x013a                  T8CON = 0x13a
                    0x013a                  _T8CON = 0x13a
                    0x013a                  _T8CONbits = 0x13a
                    0x013c                  T9CON = 0x13c
                    0x013c                  _T9CON = 0x13c
                    0x013c                  _T9CONbits = 0x13c
                    0x0140                  IC1BUF = 0x140
                    0x0140                  _IC1BUF = 0x140
                    0x0142                  IC1CON = 0x142
                    0x0142                  _IC1CON = 0x142
                    0x0142                  _IC1CONbits = 0x142
                    0x0144                  IC2BUF = 0x144
                    0x0144                  _IC2BUF = 0x144
                    0x0146                  IC2CON = 0x146
                    0x0146                  _IC2CON = 0x146
                    0x0146                  _IC2CONbits = 0x146
                    0x0148                  IC3BUF = 0x148
                    0x0148                  _IC3BUF = 0x148
                    0x014a                  IC3CON = 0x14a
                    0x014a                  _IC3CON = 0x14a
                    0x014a                  _IC3CONbits = 0x14a
                    0x014c                  IC4BUF = 0x14c
                    0x014c                  _IC4BUF = 0x14c
                    0x014e                  IC4CON = 0x14e
                    0x014e                  _IC4CON = 0x14e
                    0x014e                  _IC4CONbits = 0x14e
                    0x0150                  IC5BUF = 0x150
                    0x0150                  _IC5BUF = 0x150
                    0x0152                  IC5CON = 0x152
                    0x0152                  _IC5CON = 0x152
                    0x0152                  _IC5CONbits = 0x152
                    0x0154                  IC6BUF = 0x154
                    0x0154                  _IC6BUF = 0x154
                    0x0156                  IC6CON = 0x156
                    0x0156                  _IC6CON = 0x156
                    0x0156                  _IC6CONbits = 0x156
                    0x0158                  IC7BUF = 0x158
                    0x0158                  _IC7BUF = 0x158
                    0x015a                  IC7CON = 0x15a
                    0x015a                  _IC7CON = 0x15a
                    0x015a                  _IC7CONbits = 0x15a
                    0x015c                  IC8BUF = 0x15c
                    0x015c                  _IC8BUF = 0x15c
                    0x015e                  IC8CON = 0x15e
                    0x015e                  _IC8CON = 0x15e
                    0x015e                  _IC8CONbits = 0x15e
                    0x0180                  OC1RS = 0x180
                    0x0180                  _OC1RS = 0x180
                    0x0182                  OC1R = 0x182
                    0x0182                  _OC1R = 0x182
                    0x0184                  OC1CON = 0x184
                    0x0184                  _OC1CON = 0x184
                    0x0184                  _OC1CONbits = 0x184
                    0x0186                  OC2RS = 0x186
                    0x0186                  _OC2RS = 0x186
                    0x0188                  OC2R = 0x188
                    0x0188                  _OC2R = 0x188
                    0x018a                  OC2CON = 0x18a
                    0x018a                  _OC2CON = 0x18a
                    0x018a                  _OC2CONbits = 0x18a
                    0x018c                  OC3RS = 0x18c
                    0x018c                  _OC3RS = 0x18c
                    0x018e                  OC3R = 0x18e
                    0x018e                  _OC3R = 0x18e
                    0x0190                  OC3CON = 0x190
                    0x0190                  _OC3CON = 0x190
                    0x0190                  _OC3CONbits = 0x190
                    0x0192                  OC4RS = 0x192
                    0x0192                  _OC4RS = 0x192
                    0x0194                  OC4R = 0x194
                    0x0194                  _OC4R = 0x194
                    0x0196                  OC4CON = 0x196
                    0x0196                  _OC4CON = 0x196
                    0x0196                  _OC4CONbits = 0x196
                    0x0198                  OC5RS = 0x198
                    0x0198                  _OC5RS = 0x198
                    0x019a                  OC5R = 0x19a
                    0x019a                  _OC5R = 0x19a
                    0x019c                  OC5CON = 0x19c
                    0x019c                  _OC5CON = 0x19c
                    0x019c                  _OC5CONbits = 0x19c
                    0x019e                  OC6RS = 0x19e
                    0x019e                  _OC6RS = 0x19e
                    0x01a0                  OC6R = 0x1a0
                    0x01a0                  _OC6R = 0x1a0
                    0x01a2                  OC6CON = 0x1a2
                    0x01a2                  _OC6CON = 0x1a2
                    0x01a2                  _OC6CONbits = 0x1a2
                    0x01a4                  OC7RS = 0x1a4
                    0x01a4                  _OC7RS = 0x1a4
                    0x01a6                  OC7R = 0x1a6
                    0x01a6                  _OC7R = 0x1a6
                    0x01a8                  OC7CON = 0x1a8
                    0x01a8                  _OC7CON = 0x1a8
                    0x01a8                  _OC7CONbits = 0x1a8
                    0x01aa                  OC8RS = 0x1aa
                    0x01aa                  _OC8RS = 0x1aa
                    0x01ac                  OC8R = 0x1ac
                    0x01ac                  _OC8R = 0x1ac
                    0x01ae                  OC8CON = 0x1ae
                    0x01ae                  _OC8CON = 0x1ae
                    0x01ae                  _OC8CONbits = 0x1ae
                    0x01c0                  P1TCON = 0x1c0
                    0x01c0                  _P1TCON = 0x1c0
                    0x01c0                  _P1TCONbits = 0x1c0
                    0x01c0                  PTCON = 0x1c0
                    0x01c0                  _PTCON = 0x1c0
                    0x01c0                  _PTCONbits = 0x1c0
                    0x01c2                  P1TMR = 0x1c2
                    0x01c2                  _P1TMR = 0x1c2
                    0x01c2                  _P1TMRbits = 0x1c2
                    0x01c2                  PTMR = 0x1c2
                    0x01c2                  _PTMR = 0x1c2
                    0x01c2                  _PTMRbits = 0x1c2
                    0x01c4                  P1TPER = 0x1c4
                    0x01c4                  _P1TPER = 0x1c4
                    0x01c4                  _P1TPERbits = 0x1c4
                    0x01c4                  PTPER = 0x1c4
                    0x01c4                  _PTPER = 0x1c4
                    0x01c4                  _PTPERbits = 0x1c4
                    0x01c6                  P1SECMP = 0x1c6
                    0x01c6                  _P1SECMP = 0x1c6
                    0x01c6                  _P1SECMPbits = 0x1c6
                    0x01c6                  SEVTCMP = 0x1c6
                    0x01c6                  _SEVTCMP = 0x1c6
                    0x01c6                  _SEVTCMPbits = 0x1c6
                    0x01c8                  PWM1CON1 = 0x1c8
                    0x01c8                  _PWM1CON1 = 0x1c8
                    0x01c8                  _PWM1CON1bits = 0x1c8
                    0x01c8                  PWMCON1 = 0x1c8
                    0x01c8                  _PWMCON1 = 0x1c8
                    0x01c8                  _PWMCON1bits = 0x1c8
                    0x01ca                  PWM1CON2 = 0x1ca
                    0x01ca                  _PWM1CON2 = 0x1ca
                    0x01ca                  _PWM1CON2bits = 0x1ca
                    0x01ca                  PWMCON2 = 0x1ca
                    0x01ca                  _PWMCON2 = 0x1ca
                    0x01ca                  _PWMCON2bits = 0x1ca
                    0x01cc                  DTCON1 = 0x1cc
                    0x01cc                  _DTCON1 = 0x1cc
                    0x01cc                  _DTCON1bits = 0x1cc
                    0x01cc                  P1DTCON1 = 0x1cc
                    0x01cc                  _P1DTCON1 = 0x1cc
                    0x01cc                  _P1DTCON1bits = 0x1cc
                    0x01ce                  DTCON2 = 0x1ce
                    0x01ce                  _DTCON2 = 0x1ce
                    0x01ce                  _DTCON2bits = 0x1ce
                    0x01ce                  P1DTCON2 = 0x1ce
                    0x01ce                  _P1DTCON2 = 0x1ce
                    0x01ce                  _P1DTCON2bits = 0x1ce
                    0x01d0                  FLTACON = 0x1d0
                    0x01d0                  _FLTACON = 0x1d0
                    0x01d0                  _FLTACONbits = 0x1d0
                    0x01d0                  P1FLTACON = 0x1d0
                    0x01d0                  _P1FLTACON = 0x1d0
                    0x01d0                  _P1FLTACONbits = 0x1d0
                    0x01d2                  FLTBCON = 0x1d2
                    0x01d2                  _FLTBCON = 0x1d2
                    0x01d2                  _FLTBCONbits = 0x1d2
                    0x01d2                  P1FLTBCON = 0x1d2
                    0x01d2                  _P1FLTBCON = 0x1d2
                    0x01d2                  _P1FLTBCONbits = 0x1d2
                    0x01d4                  OVDCON = 0x1d4
                    0x01d4                  _OVDCON = 0x1d4
                    0x01d4                  _OVDCONbits = 0x1d4
                    0x01d4                  P1OVDCON = 0x1d4
                    0x01d4                  _P1OVDCON = 0x1d4
                    0x01d4                  _P1OVDCONbits = 0x1d4
                    0x01d6                  P1DC1 = 0x1d6
                    0x01d6                  _P1DC1 = 0x1d6